Archive member included to satisfy reference by file (symbol)

/Applications/STM32CubeIDE.app/Contents/Eclipse/plugins/com.st.stm32cube.ide.mcu.externaltools.gnu-tools-for-stm32.10.3-2021.10.macos64_1.0.200.202301161003/tools/bin/../lib/gcc/arm-none-eabi/10.3.1/../../../../arm-none-eabi/lib/thumb/v7e-m+fp/hard/libc_nano.a(lib_a-errno.o)
                              ./Core/Src/syscalls.o (__errno)
/Applications/STM32CubeIDE.app/Contents/Eclipse/plugins/com.st.stm32cube.ide.mcu.externaltools.gnu-tools-for-stm32.10.3-2021.10.macos64_1.0.200.202301161003/tools/bin/../lib/gcc/arm-none-eabi/10.3.1/../../../../arm-none-eabi/lib/thumb/v7e-m+fp/hard/libc_nano.a(lib_a-exit.o)
                              /Applications/STM32CubeIDE.app/Contents/Eclipse/plugins/com.st.stm32cube.ide.mcu.externaltools.gnu-tools-for-stm32.10.3-2021.10.macos64_1.0.200.202301161003/tools/bin/../lib/gcc/arm-none-eabi/10.3.1/../../../../arm-none-eabi/lib/thumb/v7e-m+fp/hard/crt0.o (exit)
/Applications/STM32CubeIDE.app/Contents/Eclipse/plugins/com.st.stm32cube.ide.mcu.externaltools.gnu-tools-for-stm32.10.3-2021.10.macos64_1.0.200.202301161003/tools/bin/../lib/gcc/arm-none-eabi/10.3.1/../../../../arm-none-eabi/lib/thumb/v7e-m+fp/hard/libc_nano.a(lib_a-findfp.o)
                              ./Middlewares/Third_Party/FreeRTOS/Source/tasks.o (__sf_fake_stderr)
/Applications/STM32CubeIDE.app/Contents/Eclipse/plugins/com.st.stm32cube.ide.mcu.externaltools.gnu-tools-for-stm32.10.3-2021.10.macos64_1.0.200.202301161003/tools/bin/../lib/gcc/arm-none-eabi/10.3.1/../../../../arm-none-eabi/lib/thumb/v7e-m+fp/hard/libc_nano.a(lib_a-fwalk.o)
                              /Applications/STM32CubeIDE.app/Contents/Eclipse/plugins/com.st.stm32cube.ide.mcu.externaltools.gnu-tools-for-stm32.10.3-2021.10.macos64_1.0.200.202301161003/tools/bin/../lib/gcc/arm-none-eabi/10.3.1/../../../../arm-none-eabi/lib/thumb/v7e-m+fp/hard/libc_nano.a(lib_a-findfp.o) (_fwalk)
/Applications/STM32CubeIDE.app/Contents/Eclipse/plugins/com.st.stm32cube.ide.mcu.externaltools.gnu-tools-for-stm32.10.3-2021.10.macos64_1.0.200.202301161003/tools/bin/../lib/gcc/arm-none-eabi/10.3.1/../../../../arm-none-eabi/lib/thumb/v7e-m+fp/hard/libc_nano.a(lib_a-impure.o)
                              /Applications/STM32CubeIDE.app/Contents/Eclipse/plugins/com.st.stm32cube.ide.mcu.externaltools.gnu-tools-for-stm32.10.3-2021.10.macos64_1.0.200.202301161003/tools/bin/../lib/gcc/arm-none-eabi/10.3.1/../../../../arm-none-eabi/lib/thumb/v7e-m+fp/hard/libc_nano.a(lib_a-exit.o) (_global_impure_ptr)
/Applications/STM32CubeIDE.app/Contents/Eclipse/plugins/com.st.stm32cube.ide.mcu.externaltools.gnu-tools-for-stm32.10.3-2021.10.macos64_1.0.200.202301161003/tools/bin/../lib/gcc/arm-none-eabi/10.3.1/../../../../arm-none-eabi/lib/thumb/v7e-m+fp/hard/libc_nano.a(lib_a-init.o)
                              /Applications/STM32CubeIDE.app/Contents/Eclipse/plugins/com.st.stm32cube.ide.mcu.externaltools.gnu-tools-for-stm32.10.3-2021.10.macos64_1.0.200.202301161003/tools/bin/../lib/gcc/arm-none-eabi/10.3.1/../../../../arm-none-eabi/lib/thumb/v7e-m+fp/hard/crt0.o (__libc_init_array)
/Applications/STM32CubeIDE.app/Contents/Eclipse/plugins/com.st.stm32cube.ide.mcu.externaltools.gnu-tools-for-stm32.10.3-2021.10.macos64_1.0.200.202301161003/tools/bin/../lib/gcc/arm-none-eabi/10.3.1/../../../../arm-none-eabi/lib/thumb/v7e-m+fp/hard/libc_nano.a(lib_a-lock.o)
                              /Applications/STM32CubeIDE.app/Contents/Eclipse/plugins/com.st.stm32cube.ide.mcu.externaltools.gnu-tools-for-stm32.10.3-2021.10.macos64_1.0.200.202301161003/tools/bin/../lib/gcc/arm-none-eabi/10.3.1/../../../../arm-none-eabi/lib/thumb/v7e-m+fp/hard/libc_nano.a(lib_a-findfp.o) (__retarget_lock_init_recursive)
/Applications/STM32CubeIDE.app/Contents/Eclipse/plugins/com.st.stm32cube.ide.mcu.externaltools.gnu-tools-for-stm32.10.3-2021.10.macos64_1.0.200.202301161003/tools/bin/../lib/gcc/arm-none-eabi/10.3.1/../../../../arm-none-eabi/lib/thumb/v7e-m+fp/hard/libc_nano.a(lib_a-memcmp.o)
                              ./Core/Src/main.o (memcmp)
/Applications/STM32CubeIDE.app/Contents/Eclipse/plugins/com.st.stm32cube.ide.mcu.externaltools.gnu-tools-for-stm32.10.3-2021.10.macos64_1.0.200.202301161003/tools/bin/../lib/gcc/arm-none-eabi/10.3.1/../../../../arm-none-eabi/lib/thumb/v7e-m+fp/hard/libc_nano.a(lib_a-memcpy-stub.o)
                              ./Middlewares/Third_Party/FreeRTOS/Source/CMSIS_RTOS_V2/cmsis_os2.o (memcpy)
/Applications/STM32CubeIDE.app/Contents/Eclipse/plugins/com.st.stm32cube.ide.mcu.externaltools.gnu-tools-for-stm32.10.3-2021.10.macos64_1.0.200.202301161003/tools/bin/../lib/gcc/arm-none-eabi/10.3.1/../../../../arm-none-eabi/lib/thumb/v7e-m+fp/hard/libc_nano.a(lib_a-memset.o)
[...]
Memory Configuration

Name             Origin             Length             Attributes
RAM              0x0000000020000000 0x0000000000010000 xrw
RAM2             0x0000000010000000 0x0000000000004000 xrw
FLASH            0x0000000008000000 0x0000000000040000 xr
*default*        0x0000000000000000 0xffffffffffffffff

Linker script and memory map

LOAD /Applications/STM32CubeIDE.app/Contents/Eclipse/plugins/com.st.stm32cube.ide.mcu.externaltools.gnu-tools-for-stm32.10.3-2021.10.macos64_1.0.200.202301161003/tools/bin/../lib/gcc/arm-none-eabi/10.3.1/thumb/v7e-m+fp/hard/crti.o
LOAD /Applications/STM32CubeIDE.app/Contents/Eclipse/plugins/com.st.stm32cube.ide.mcu.externaltools.gnu-tools-for-stm32.10.3-2021.10.macos64_1.0.200.202301161003/tools/bin/../lib/gcc/arm-none-eabi/10.3.1/thumb/v7e-m+fp/hard/crtbegin.o
LOAD /Applications/STM32CubeIDE.app/Contents/Eclipse/plugins/com.st.stm32cube.ide.mcu.externaltools.gnu-tools-for-stm32.10.3-2021.10.macos64_1.0.200.202301161003/tools/bin/../lib/gcc/arm-none-eabi/10.3.1/../../../../arm-none-eabi/lib/thumb/v7e-m+fp/hard/crt0.o
LOAD ./Core/Src/freertos.o
LOAD ./Core/Src/main.o
LOAD ./Core/Src/stm32l4xx_hal_msp.o
LOAD ./Core/Src/stm32l4xx_hal_timebase_tim.o
LOAD ./Core/Src/stm32l4xx_it.o
LOAD ./Core/Src/syscalls.o
LOAD ./Core/Src/sysmem.o
LOAD ./Core/Src/system_stm32l4xx.o
LOAD ./Core/Startup/startup_stm32l432kcux.o
LOAD ./Drivers/STM32L4xx_HAL_Driver/Src/stm32l4xx_hal.o
LOAD ./Drivers/STM32L4xx_HAL_Driver/Src/stm32l4xx_hal_cortex.o
LOAD ./Drivers/STM32L4xx_HAL_Driver/Src/stm32l4xx_hal_dma.o
LOAD ./Drivers/STM32L4xx_HAL_Driver/Src/stm32l4xx_hal_dma_ex.o
LOAD ./Drivers/STM32L4xx_HAL_Driver/Src/stm32l4xx_hal_exti.o
LOAD ./Drivers/STM32L4xx_HAL_Driver/Src/stm32l4xx_hal_flash.o
LOAD ./Drivers/STM32L4xx_HAL_Driver/Src/stm32l4xx_hal_flash_ex.o
LOAD ./Drivers/STM32L4xx_HAL_Driver/Src/stm32l4xx_hal_flash_ramfunc.o
LOAD ./Drivers/STM32L4xx_HAL_Driver/Src/stm32l4xx_hal_gpio.o
LOAD ./Drivers/STM32L4xx_HAL_Driver/Src/stm32l4xx_hal_pwr.o
LOAD ./Drivers/STM32L4xx_HAL_Driver/Src/stm32l4xx_hal_pwr_ex.o
LOAD ./Drivers/STM32L4xx_HAL_Driver/Src/stm32l4xx_hal_rcc.o
LOAD ./Drivers/STM32L4xx_HAL_Driver/Src/stm32l4xx_hal_rcc_ex.o
LOAD ./Drivers/STM32L4xx_HAL_Driver/Src/stm32l4xx_hal_tim.o
LOAD ./Drivers/STM32L4xx_HAL_Driver/Src/stm32l4xx_hal_tim_ex.o
LOAD ./Drivers/STM32L4xx_HAL_Driver/Src/stm32l4xx_hal_uart.o
LOAD ./Drivers/STM32L4xx_HAL_Driver/Src/stm32l4xx_hal_uart_ex.o
LOAD ./Middlewares/Third_Party/FreeRTOS/Source/CMSIS_RTOS_V2/cmsis_os2.o
LOAD ./Middlewares/Third_Party/FreeRTOS/Source/croutine.o
LOAD ./Middlewares/Third_Party/FreeRTOS/Source/event_groups.o
LOAD ./Middlewares/Third_Party/FreeRTOS/Source/list.o
LOAD ./Middlewares/Third_Party/FreeRTOS/Source/queue.o
LOAD ./Middlewares/Third_Party/FreeRTOS/Source/stream_buffer.o
LOAD ./Middlewares/Third_Party/FreeRTOS/Source/tasks.o
LOAD ./Middlewares/Third_Party/FreeRTOS/Source/timers.o
LOAD ./Middlewares/Third_Party/FreeRTOS/Source/portable/GCC/ARM_CM4F/port.o
LOAD ./Middlewares/Third_Party/FreeRTOS/Source/portable/MemMang/heap_4.o
START GROUP
LOAD /Applications/STM32CubeIDE.app/Contents/Eclipse/plugins/com.st.stm32cube.ide.mcu.externaltools.gnu-tools-for-stm32.10.3-2021.10.macos64_1.0.200.202301161003/tools/bin/../lib/gcc/arm-none-eabi/10.3.1/../../../../arm-none-eabi/lib/thumb/v7e-m+fp/hard/libc_nano.a
LOAD /Applications/STM32CubeIDE.app/Contents/Eclipse/plugins/com.st.stm32cube.ide.mcu.externaltools.gnu-tools-for-stm32.10.3-2021.10.macos64_1.0.200.202301161003/tools/bin/../lib/gcc/arm-none-eabi/10.3.1/../../../../arm-none-eabi/lib/thumb/v7e-m+fp/hard/libm.a
END GROUP
START GROUP
LOAD /Applications/STM32CubeIDE.app/Contents/Eclipse/plugins/com.st.stm32cube.ide.mcu.externaltools.gnu-tools-for-stm32.10.3-2021.10.macos64_1.0.200.202301161003/tools/bin/../lib/gcc/arm-none-eabi/10.3.1/thumb/v7e-m+fp/hard/libgcc.a
LOAD /Applications/STM32CubeIDE.app/Contents/Eclipse/plugins/com.st.stm32cube.ide.mcu.externaltools.gnu-tools-for-stm32.10.3-2021.10.macos64_1.0.200.202301161003/tools/bin/../lib/gcc/arm-none-eabi/10.3.1/../../../../arm-none-eabi/lib/thumb/v7e-m+fp/hard/libc_nano.a
END GROUP
START GROUP
LOAD /Applications/STM32CubeIDE.app/Contents/Eclipse/plugins/com.st.stm32cube.ide.mcu.externaltools.gnu-tools-for-stm32.10.3-2021.10.macos64_1.0.200.202301161003/tools/bin/../lib/gcc/arm-none-eabi/10.3.1/thumb/v7e-m+fp/hard/libgcc.a
LOAD /Applications/STM32CubeIDE.app/Contents/Eclipse/plugins/com.st.stm32cube.ide.mcu.externaltools.gnu-tools-for-stm32.10.3-2021.10.macos64_1.0.200.202301161003/tools/bin/../lib/gcc/arm-none-eabi/10.3.1/../../../../arm-none-eabi/lib/thumb/v7e-m+fp/hard/libc_nano.a
LOAD /Applications/STM32CubeIDE.app/Contents/Eclipse/plugins/com.st.stm32cube.ide.mcu.externaltools.gnu-tools-for-stm32.10.3-2021.10.macos64_1.0.200.202301161003/tools/bin/../lib/gcc/arm-none-eabi/10.3.1/../../../../arm-none-eabi/lib/thumb/v7e-m+fp/hard/libnosys.a
END GROUP
START GROUP
LOAD /Applications/STM32CubeIDE.app/Contents/Eclipse/plugins/com.st.stm32cube.ide.mcu.externaltools.gnu-tools-for-stm32.10.3-2021.10.macos64_1.0.200.202301161003/tools/bin/../lib/gcc/arm-none-eabi/10.3.1/thumb/v7e-m+fp/hard/libgcc.a
LOAD /Applications/STM32CubeIDE.app/Contents/Eclipse/plugins/com.st.stm32cube.ide.mcu.externaltools.gnu-tools-for-stm32.10.3-2021.10.macos64_1.0.200.202301161003/tools/bin/../lib/gcc/arm-none-eabi/10.3.1/../../../../arm-none-eabi/lib/thumb/v7e-m+fp/hard/libc_nano.a
LOAD /Applications/STM32CubeIDE.app/Contents/Eclipse/plugins/com.st.stm32cube.ide.mcu.externaltools.gnu-tools-for-stm32.10.3-2021.10.macos64_1.0.200.202301161003/tools/bin/../lib/gcc/arm-none-eabi/10.3.1/../../../../arm-none-eabi/lib/thumb/v7e-m+fp/hard/libnosys.a
END GROUP
LOAD /Applications/STM32CubeIDE.app/Contents/Eclipse/plugins/com.st.stm32cube.ide.mcu.externaltools.gnu-tools-for-stm32.10.3-2021.10.macos64_1.0.200.202301161003/tools/bin/../lib/gcc/arm-none-eabi/10.3.1/thumb/v7e-m+fp/hard/crtend.o
LOAD /Applications/STM32CubeIDE.app/Contents/Eclipse/plugins/com.st.stm32cube.ide.mcu.externaltools.gnu-tools-for-stm32.10.3-2021.10.macos64_1.0.200.202301161003/tools/bin/../lib/gcc/arm-none-eabi/10.3.1/thumb/v7e-m+fp/hard/crtn.o
                0x0000000020010000                _estack = (ORIGIN (RAM) + LENGTH (RAM))
                0x0000000000000200                _Min_Heap_Size = 0x200
                0x0000000000000400                _Min_Stack_Size = 0x400

.isr_vector     0x0000000008000000      0x18c
                0x0000000008000000                . = ALIGN (0x4)
 *(.isr_vector)
 .isr_vector    0x0000000008000000      0x18c ./Core/Startup/startup_stm32l432kcux.o
                0x0000000008000000                g_pfnVectors
                0x000000000800018c                . = ALIGN (0x4)

.text           0x0000000008000190     0xa440
                0x0000000008000190                . = ALIGN (0x4)
 *(.text)
 .text          0x0000000008000190       0x40 /Applications/STM32CubeIDE.app/Contents/Eclipse/plugins/com.st.stm32cube.ide.mcu.externaltools.gnu-tools-for-stm32.10.3-2021.10.macos64_1.0.200.202301161003/tools/bin/../lib/gcc/arm-none-eabi/10.3.1/thumb/v7e-m+fp/hard/crtbegin.o
 .text          0x00000000080001d0       0x10 /Applications/STM32CubeIDE.app/Contents/Eclipse/plugins/com.st.stm32cube.ide.mcu.externaltools.gnu-tools-for-stm32.10.3-2021.10.macos64_1.0.200.202301161003/tools/bin/../lib/gcc/arm-none-eabi/10.3.1/../../../../arm-none-eabi/lib/thumb/v7e-m+fp/hard/libc_nano.a(lib_a-strlen.o)
                0x00000000080001d0                strlen
 .text          0x00000000080001e0       0xa0 /Applications/STM32CubeIDE.app/Contents/Eclipse/plugins/com.st.stm32cube.ide.mcu.externaltools.gnu-tools-for-stm32.10.3-2021.10.macos64_1.0.200.202301161003/tools/bin/../lib/gcc/arm-none-eabi/10.3.1/../../../../arm-none-eabi/lib/thumb/v7e-m+fp/hard/libc_nano.a(lib_a-memchr.o)
                0x00000000080001e0                memchr
 .text          0x0000000008000280       0x30 /Applications/STM32CubeIDE.app/Contents/Eclipse/plugins/com.st.stm32cube.ide.mcu.externaltools.gnu-tools-for-stm32.10.3-2021.10.macos64_1.0.200.202301161003/tools/bin/../lib/gcc/arm-none-eabi/10.3.1/thumb/v7e-m+fp/hard/libgcc.a(_aeabi_uldivmod.o)
                0x0000000008000280                __aeabi_uldivmod
 .text          0x00000000080002b0      0x2d0 /Applications/STM32CubeIDE.app/Contents/Eclipse/plugins/com.st.stm32cube.ide.mcu.externaltools.gnu-tools-for-stm32.10.3-2021.10.macos64_1.0.200.202301161003/tools/bin/../lib/gcc/arm-none-eabi/10.3.1/thumb/v7e-m+fp/hard/libgcc.a(_udivmoddi4.o)
                0x00000000080002b0                __udivmoddi4
 .text          0x0000000008000580        0x4 /Applications/STM32CubeIDE.app/Contents/Eclipse/plugins/com.st.stm32cube.ide.mcu.externaltools.gnu-tools-for-stm32.10.3-2021.10.macos64_1.0.200.202301161003/tools/bin/../lib/gcc/arm-none-eabi/10.3.1/thumb/v7e-m+fp/hard/libgcc.a(_dvmd_tls.o)
                0x0000000008000580                __aeabi_ldiv0
                0x0000000008000580                __aeabi_idiv0
 *(.text*)
 .text.LL_USART_EnableIT_IDLE
                0x0000000008000584       0x42 ./Core/Src/main.o
 *fill*         0x00000000080005c6        0x2 
 .text.setleds  0x00000000080005c8       0x80 ./Core/Src/main.o
                0x00000000080005c8                setleds
 .text.main     0x0000000008000648       0xc4 ./Core/Src/main.o
                0x0000000008000648                main
 .text.SystemClock_Config
                0x000000000800070c       0xc4 ./Core/Src/main.o
                0x000000000800070c                SystemClock_Config
 .text.MX_USART1_UART_Init
                0x00000000080007d0       0x60 ./Core/Src/main.o
 .text.MX_USART2_UART_Init
                0x0000000008000830       0x60 ./Core/Src/main.o
 .text.MX_DMA_Init
                0x0000000008000890       0x3c ./Core/Src/main.o
 .text.MX_GPIO_Init
                0x00000000080008cc       0xc8 ./Core/Src/main.o
 .text.SendATCommand
                0x0000000008000994       0x68 ./Core/Src/main.o
                0x0000000008000994                SendATCommand
 .text.StartTcpServer
                0x00000000080009fc       0xc0 ./Core/Src/main.o
                0x00000000080009fc                StartTcpServer
 .text.UartHandlerTask
                0x0000000008000abc      0x1ec ./Core/Src/main.o
                0x0000000008000abc                UartHandlerTask
 .text.HAL_UART_RxCpltCallback
                0x0000000008000ca8       0x68 ./Core/Src/main.o
                0x0000000008000ca8                HAL_UART_RxCpltCallback
 .text.StartLedTask
                0x0000000008000d10       0x64 ./Core/Src/main.o
                0x0000000008000d10                StartLedTask
 .text.StartEncoderTask
                0x0000000008000d74      0x1b0 ./Core/Src/main.o
                0x0000000008000d74                StartEncoderTask
 .text.StartDefaultTask
                0x0000000008000f24       0xb8 ./Core/Src/main.o
                0x0000000008000f24                StartDefaultTask
 .text.HAL_TIM_PeriodElapsedCallback
                0x0000000008000fdc       0x24 ./Core/Src/main.o
                0x0000000008000fdc                HAL_TIM_PeriodElapsedCallback
 .text.Error_Handler
                0x0000000008001000        0xa ./Core/Src/main.o
                0x0000000008001000                Error_Handler
 *fill*         0x000000000800100a        0x2 
 .text.HAL_MspInit
                0x000000000800100c       0x50 ./Core/Src/stm32l4xx_hal_msp.o
                0x000000000800100c                HAL_MspInit
 .text.HAL_UART_MspInit
                0x000000000800105c      0x1bc ./Core/Src/stm32l4xx_hal_msp.o
                0x000000000800105c                HAL_UART_MspInit
 .text.HAL_InitTick
                0x0000000008001218       0xf4 ./Core/Src/stm32l4xx_hal_timebase_tim.o
                0x0000000008001218                HAL_InitTick
 .text.LL_USART_IsActiveFlag_IDLE
                0x000000000800130c       0x26 ./Core/Src/stm32l4xx_it.o
 .text.LL_USART_ClearFlag_IDLE
                0x0000000008001332       0x1a ./Core/Src/stm32l4xx_it.o
 .text.LL_USART_IsEnabledIT_IDLE
                0x000000000800134c       0x26 ./Core/Src/stm32l4xx_it.o
 .text.NMI_Handler
                0x0000000008001372        0x6 ./Core/Src/stm32l4xx_it.o
                0x0000000008001372                NMI_Handler
 .text.HardFault_Handler
                0x0000000008001378        0x6 ./Core/Src/stm32l4xx_it.o
                0x0000000008001378                HardFault_Handler
 .text.MemManage_Handler
                0x000000000800137e        0x6 ./Core/Src/stm32l4xx_it.o
                0x000000000800137e                MemManage_Handler
 .text.BusFault_Handler
                0x0000000008001384        0x6 ./Core/Src/stm32l4xx_it.o
                0x0000000008001384                BusFault_Handler
 .text.UsageFault_Handler
                0x000000000800138a        0x6 ./Core/Src/stm32l4xx_it.o
                0x000000000800138a                UsageFault_Handler
 .text.DebugMon_Handler
                0x0000000008001390        0xe ./Core/Src/stm32l4xx_it.o
                0x0000000008001390                DebugMon_Handler
 *fill*         0x000000000800139e        0x2 
 .text.DMA1_Channel5_IRQHandler
                0x00000000080013a0       0x14 ./Core/Src/stm32l4xx_it.o
                0x00000000080013a0                DMA1_Channel5_IRQHandler
 .text.USART1_IRQHandler
                0x00000000080013b4       0x70 ./Core/Src/stm32l4xx_it.o
                0x00000000080013b4                USART1_IRQHandler
 .text.USART2_IRQHandler
                0x0000000008001424       0x14 ./Core/Src/stm32l4xx_it.o
                0x0000000008001424                USART2_IRQHandler
 .text.TIM6_DAC_IRQHandler
                0x0000000008001438       0x14 ./Core/Src/stm32l4xx_it.o
                0x0000000008001438                TIM6_DAC_IRQHandler
 .text._read    0x000000000800144c       0x3a ./Core/Src/syscalls.o
                0x000000000800144c                _read
 .text._write   0x0000000008001486       0x38 ./Core/Src/syscalls.o
                0x0000000008001486                _write
 .text._close   0x00000000080014be       0x18 ./Core/Src/syscalls.o
                0x00000000080014be                _close
 .text._fstat   0x00000000080014d6       0x20 ./Core/Src/syscalls.o
                0x00000000080014d6                _fstat
 .text._isatty  0x00000000080014f6       0x16 ./Core/Src/syscalls.o
                0x00000000080014f6                _isatty
 .text._lseek   0x000000000800150c       0x1a ./Core/Src/syscalls.o
                0x000000000800150c                _lseek
 *fill*         0x0000000008001526        0x2 
 .text._sbrk    0x0000000008001528       0x6c ./Core/Src/sysmem.o
                0x0000000008001528                _sbrk
 .text.SystemInit
                0x0000000008001594       0x24 ./Core/Src/system_stm32l4xx.o
                0x0000000008001594                SystemInit
 .text.Reset_Handler
                0x00000000080015b8       0x50 ./Core/Startup/startup_stm32l432kcux.o
                0x00000000080015b8                Reset_Handler
 .text.Default_Handler
                0x0000000008001608        0x2 ./Core/Startup/startup_stm32l432kcux.o
                0x0000000008001608                TIM1_BRK_TIM15_IRQHandler
                0x0000000008001608                EXTI2_IRQHandler
                0x0000000008001608                TIM1_CC_IRQHandler
                0x0000000008001608                TSC_IRQHandler
                0x0000000008001608                TAMP_STAMP_IRQHandler
                0x0000000008001608                EXTI3_IRQHandler
                0x0000000008001608                LPTIM2_IRQHandler
                0x0000000008001608                I2C3_ER_IRQHandler
                0x0000000008001608                EXTI0_IRQHandler
                0x0000000008001608                CAN1_RX0_IRQHandler
                0x0000000008001608                FPU_IRQHandler
                0x0000000008001608                TIM1_UP_TIM16_IRQHandler
                0x0000000008001608                SPI1_IRQHandler
                0x0000000008001608                DMA2_Channel2_IRQHandler
                0x0000000008001608                DMA1_Channel4_IRQHandler
                0x0000000008001608                ADC1_IRQHandler
                0x0000000008001608                DMA1_Channel7_IRQHandler
                0x0000000008001608                CAN1_RX1_IRQHandler
                0x0000000008001608                DMA2_Channel1_IRQHandler
                0x0000000008001608                QUADSPI_IRQHandler
                0x0000000008001608                I2C1_EV_IRQHandler
                0x0000000008001608                DMA1_Channel6_IRQHandler
                0x0000000008001608                DMA2_Channel4_IRQHandler
                0x0000000008001608                RCC_IRQHandler
                0x0000000008001608                TIM1_TRG_COM_IRQHandler
                0x0000000008001608                DMA1_Channel1_IRQHandler
                0x0000000008001608                Default_Handler
                0x0000000008001608                DMA2_Channel7_IRQHandler
                0x0000000008001608                EXTI15_10_IRQHandler
                0x0000000008001608                TIM7_IRQHandler
                0x0000000008001608                I2C3_EV_IRQHandler
                0x0000000008001608                USB_IRQHandler
                0x0000000008001608                EXTI9_5_IRQHandler
                0x0000000008001608                RTC_WKUP_IRQHandler
                0x0000000008001608                PVD_PVM_IRQHandler
                0x0000000008001608                CAN1_TX_IRQHandler
                0x0000000008001608                DMA2_Channel5_IRQHandler
                0x0000000008001608                CRS_IRQHandler
                0x0000000008001608                EXTI4_IRQHandler
                0x0000000008001608                RNG_IRQHandler
                0x0000000008001608                DMA1_Channel3_IRQHandler
                0x0000000008001608                COMP_IRQHandler
                0x0000000008001608                WWDG_IRQHandler
                0x0000000008001608                LPUART1_IRQHandler
                0x0000000008001608                DMA2_Channel6_IRQHandler
                0x0000000008001608                TIM2_IRQHandler
                0x0000000008001608                EXTI1_IRQHandler
                0x0000000008001608                DMA1_Channel2_IRQHandler
                0x0000000008001608                CAN1_SCE_IRQHandler
                0x0000000008001608                FLASH_IRQHandler
                0x0000000008001608                SPI3_IRQHandler
                0x0000000008001608                I2C1_ER_IRQHandler
                0x0000000008001608                SWPMI1_IRQHandler
                0x0000000008001608                LPTIM1_IRQHandler
                0x0000000008001608                SAI1_IRQHandler
                0x0000000008001608                DMA2_Channel3_IRQHandler
                0x0000000008001608                RTC_Alarm_IRQHandler
 .text.HAL_Init
                0x000000000800160a       0x30 ./Drivers/STM32L4xx_HAL_Driver/Src/stm32l4xx_hal.o
                0x000000000800160a                HAL_Init
 *fill*         0x000000000800163a        0x2 
 .text.HAL_IncTick
                0x000000000800163c       0x28 ./Drivers/STM32L4xx_HAL_Driver/Src/stm32l4xx_hal.o
                0x000000000800163c                HAL_IncTick
 .text.HAL_GetTick
                0x0000000008001664       0x18 ./Drivers/STM32L4xx_HAL_Driver/Src/stm32l4xx_hal.o
                0x0000000008001664                HAL_GetTick
 .text.__NVIC_SetPriorityGrouping
                0x000000000800167c       0x48 ./Drivers/STM32L4xx_HAL_Driver/Src/stm32l4xx_hal_cortex.o
 .text.__NVIC_GetPriorityGrouping
                0x00000000080016c4       0x1c ./Drivers/STM32L4xx_HAL_Driver/Src/stm32l4xx_hal_cortex.o
 .text.__NVIC_EnableIRQ
                0x00000000080016e0       0x3c ./Drivers/STM32L4xx_HAL_Driver/Src/stm32l4xx_hal_cortex.o
 .text.__NVIC_SetPriority
                0x000000000800171c       0x54 ./Drivers/STM32L4xx_HAL_Driver/Src/stm32l4xx_hal_cortex.o
 .text.NVIC_EncodePriority
                0x0000000008001770       0x66 ./Drivers/STM32L4xx_HAL_Driver/Src/stm32l4xx_hal_cortex.o
 .text.HAL_NVIC_SetPriorityGrouping
                0x00000000080017d6       0x16 ./Drivers/STM32L4xx_HAL_Driver/Src/stm32l4xx_hal_cortex.o
                0x00000000080017d6                HAL_NVIC_SetPriorityGrouping
 .text.HAL_NVIC_SetPriority
                0x00000000080017ec       0x38 ./Drivers/STM32L4xx_HAL_Driver/Src/stm32l4xx_hal_cortex.o
                0x00000000080017ec                HAL_NVIC_SetPriority
 .text.HAL_NVIC_EnableIRQ
                0x0000000008001824       0x1c ./Drivers/STM32L4xx_HAL_Driver/Src/stm32l4xx_hal_cortex.o
                0x0000000008001824                HAL_NVIC_EnableIRQ
 .text.HAL_DMA_Init
                0x0000000008001840      0x170 ./Drivers/STM32L4xx_HAL_Driver/Src/stm32l4xx_hal_dma.o
                0x0000000008001840                HAL_DMA_Init
 .text.HAL_DMA_Start_IT
                0x00000000080019b0       0xc0 ./Drivers/STM32L4xx_HAL_Driver/Src/stm32l4xx_hal_dma.o
                0x00000000080019b0                HAL_DMA_Start_IT
 .text.HAL_DMA_Abort
                0x0000000008001a70       0x7c ./Drivers/STM32L4xx_HAL_Driver/Src/stm32l4xx_hal_dma.o
                0x0000000008001a70                HAL_DMA_Abort
 .text.HAL_DMA_Abort_IT
                0x0000000008001aec       0x82 ./Drivers/STM32L4xx_HAL_Driver/Src/stm32l4xx_hal_dma.o
                0x0000000008001aec                HAL_DMA_Abort_IT
 .text.HAL_DMA_IRQHandler
                0x0000000008001b6e      0x15e ./Drivers/STM32L4xx_HAL_Driver/Src/stm32l4xx_hal_dma.o
                0x0000000008001b6e                HAL_DMA_IRQHandler
 .text.DMA_SetConfig
                0x0000000008001ccc       0x60 ./Drivers/STM32L4xx_HAL_Driver/Src/stm32l4xx_hal_dma.o
 .text.HAL_GPIO_Init
                0x0000000008001d2c      0x2d4 ./Drivers/STM32L4xx_HAL_Driver/Src/stm32l4xx_hal_gpio.o
                0x0000000008001d2c                HAL_GPIO_Init
 .text.HAL_GPIO_ReadPin
                0x0000000008002000       0x30 ./Drivers/STM32L4xx_HAL_Driver/Src/stm32l4xx_hal_gpio.o
                0x0000000008002000                HAL_GPIO_ReadPin
 .text.HAL_GPIO_WritePin
                0x0000000008002030       0x30 ./Drivers/STM32L4xx_HAL_Driver/Src/stm32l4xx_hal_gpio.o
                0x0000000008002030                HAL_GPIO_WritePin
 .text.HAL_PWR_EnableBkUpAccess
                0x0000000008002060       0x20 ./Drivers/STM32L4xx_HAL_Driver/Src/stm32l4xx_hal_pwr.o
                0x0000000008002060                HAL_PWR_EnableBkUpAccess
 .text.HAL_PWREx_GetVoltageRange
                0x0000000008002080       0x1c ./Drivers/STM32L4xx_HAL_Driver/Src/stm32l4xx_hal_pwr_ex.o
                0x0000000008002080                HAL_PWREx_GetVoltageRange
 .text.HAL_PWREx_ControlVoltageScaling
                0x000000000800209c       0xac ./Drivers/STM32L4xx_HAL_Driver/Src/stm32l4xx_hal_pwr_ex.o
                0x000000000800209c                HAL_PWREx_ControlVoltageScaling
 .text.HAL_RCC_OscConfig
                0x0000000008002148      0x828 ./Drivers/STM32L4xx_HAL_Driver/Src/stm32l4xx_hal_rcc.o
                0x0000000008002148                HAL_RCC_OscConfig
 .text.HAL_RCC_ClockConfig
                0x0000000008002970      0x200 ./Drivers/STM32L4xx_HAL_Driver/Src/stm32l4xx_hal_rcc.o
                0x0000000008002970                HAL_RCC_ClockConfig
 .text.HAL_RCC_GetSysClockFreq
                0x0000000008002b70      0x118 ./Drivers/STM32L4xx_HAL_Driver/Src/stm32l4xx_hal_rcc.o
                0x0000000008002b70                HAL_RCC_GetSysClockFreq
 .text.HAL_RCC_GetHCLKFreq
                0x0000000008002c88       0x18 ./Drivers/STM32L4xx_HAL_Driver/Src/stm32l4xx_hal_rcc.o
                0x0000000008002c88                HAL_RCC_GetHCLKFreq
 .text.HAL_RCC_GetPCLK1Freq
                0x0000000008002ca0       0x2c ./Drivers/STM32L4xx_HAL_Driver/Src/stm32l4xx_hal_rcc.o
                0x0000000008002ca0                HAL_RCC_GetPCLK1Freq
 .text.HAL_RCC_GetPCLK2Freq
                0x0000000008002ccc       0x2c ./Drivers/STM32L4xx_HAL_Driver/Src/stm32l4xx_hal_rcc.o
                0x0000000008002ccc                HAL_RCC_GetPCLK2Freq
 .text.HAL_RCC_GetClockConfig
                0x0000000008002cf8       0x64 ./Drivers/STM32L4xx_HAL_Driver/Src/stm32l4xx_hal_rcc.o
                0x0000000008002cf8                HAL_RCC_GetClockConfig
 .text.RCC_SetFlashLatencyFromMSIRange
                0x0000000008002d5c       0xc0 ./Drivers/STM32L4xx_HAL_Driver/Src/stm32l4xx_hal_rcc.o
 .text.HAL_RCCEx_PeriphCLKConfig
                0x0000000008002e1c      0x3ec ./Drivers/STM32L4xx_HAL_Driver/Src/stm32l4xx_hal_rcc_ex.o
                0x0000000008002e1c                HAL_RCCEx_PeriphCLKConfig
 .text.HAL_RCCEx_EnableMSIPLLMode
                0x0000000008003208       0x20 ./Drivers/STM32L4xx_HAL_Driver/Src/stm32l4xx_hal_rcc_ex.o
                0x0000000008003208                HAL_RCCEx_EnableMSIPLLMode
 .text.RCCEx_PLLSAI1_Config
                0x0000000008003228      0x1e4 ./Drivers/STM32L4xx_HAL_Driver/Src/stm32l4xx_hal_rcc_ex.o
 .text.HAL_TIM_Base_Init
                0x000000000800340c       0xae ./Drivers/STM32L4xx_HAL_Driver/Src/stm32l4xx_hal_tim.o
                0x000000000800340c                HAL_TIM_Base_Init
 .text.HAL_TIM_Base_MspInit
                0x00000000080034ba       0x14 ./Drivers/STM32L4xx_HAL_Driver/Src/stm32l4xx_hal_tim.o
                0x00000000080034ba                HAL_TIM_Base_MspInit
 *fill*         0x00000000080034ce        0x2 
 .text.HAL_TIM_Base_Start_IT
                0x00000000080034d0       0xa8 ./Drivers/STM32L4xx_HAL_Driver/Src/stm32l4xx_hal_tim.o
                0x00000000080034d0                HAL_TIM_Base_Start_IT
 .text.HAL_TIM_IRQHandler
                0x0000000008003578      0x23e ./Drivers/STM32L4xx_HAL_Driver/Src/stm32l4xx_hal_tim.o
                0x0000000008003578                HAL_TIM_IRQHandler
 .text.HAL_TIM_OC_DelayElapsedCallback
                0x00000000080037b6       0x14 ./Drivers/STM32L4xx_HAL_Driver/Src/stm32l4xx_hal_tim.o
                0x00000000080037b6                HAL_TIM_OC_DelayElapsedCallback
 .text.HAL_TIM_IC_CaptureCallback
                0x00000000080037ca       0x14 ./Drivers/STM32L4xx_HAL_Driver/Src/stm32l4xx_hal_tim.o
                0x00000000080037ca                HAL_TIM_IC_CaptureCallback
 .text.HAL_TIM_PWM_PulseFinishedCallback
                0x00000000080037de       0x14 ./Drivers/STM32L4xx_HAL_Driver/Src/stm32l4xx_hal_tim.o
                0x00000000080037de                HAL_TIM_PWM_PulseFinishedCallback
 .text.HAL_TIM_TriggerCallback
                0x00000000080037f2       0x14 ./Drivers/STM32L4xx_HAL_Driver/Src/stm32l4xx_hal_tim.o
                0x00000000080037f2                HAL_TIM_TriggerCallback
 *fill*         0x0000000008003806        0x2 
 .text.TIM_Base_SetConfig
                0x0000000008003808       0xc8 ./Drivers/STM32L4xx_HAL_Driver/Src/stm32l4xx_hal_tim.o
                0x0000000008003808                TIM_Base_SetConfig
 .text.HAL_TIMEx_CommutCallback
                0x00000000080038d0       0x14 ./Drivers/STM32L4xx_HAL_Driver/Src/stm32l4xx_hal_tim_ex.o
                0x00000000080038d0                HAL_TIMEx_CommutCallback
 .text.HAL_TIMEx_BreakCallback
                0x00000000080038e4       0x14 ./Drivers/STM32L4xx_HAL_Driver/Src/stm32l4xx_hal_tim_ex.o
                0x00000000080038e4                HAL_TIMEx_BreakCallback
 .text.HAL_TIMEx_Break2Callback
                0x00000000080038f8       0x14 ./Drivers/STM32L4xx_HAL_Driver/Src/stm32l4xx_hal_tim_ex.o
                0x00000000080038f8                HAL_TIMEx_Break2Callback
 .text.HAL_UART_Init
                0x000000000800390c       0x9c ./Drivers/STM32L4xx_HAL_Driver/Src/stm32l4xx_hal_uart.o
                0x000000000800390c                HAL_UART_Init
 .text.HAL_UART_Transmit
                0x00000000080039a8      0x128 ./Drivers/STM32L4xx_HAL_Driver/Src/stm32l4xx_hal_uart.o
                0x00000000080039a8                HAL_UART_Transmit
 .text.HAL_UART_Transmit_IT
                0x0000000008003ad0       0xdc ./Drivers/STM32L4xx_HAL_Driver/Src/stm32l4xx_hal_uart.o
                0x0000000008003ad0                HAL_UART_Transmit_IT
 .text.HAL_UART_Receive_IT
                0x0000000008003bac       0xac ./Drivers/STM32L4xx_HAL_Driver/Src/stm32l4xx_hal_uart.o
                0x0000000008003bac                HAL_UART_Receive_IT
 .text.HAL_UART_Receive_DMA
                0x0000000008003c58       0xac ./Drivers/STM32L4xx_HAL_Driver/Src/stm32l4xx_hal_uart.o
                0x0000000008003c58                HAL_UART_Receive_DMA
 .text.HAL_UART_IRQHandler
                0x0000000008003d04      0x5c4 ./Drivers/STM32L4xx_HAL_Driver/Src/stm32l4xx_hal_uart.o
                0x0000000008003d04                HAL_UART_IRQHandler
 .text.HAL_UART_TxCpltCallback
                0x00000000080042c8       0x14 ./Drivers/STM32L4xx_HAL_Driver/Src/stm32l4xx_hal_uart.o
                0x00000000080042c8                HAL_UART_TxCpltCallback
 .text.HAL_UART_RxHalfCpltCallback
                0x00000000080042dc       0x14 ./Drivers/STM32L4xx_HAL_Driver/Src/stm32l4xx_hal_uart.o
                0x00000000080042dc                HAL_UART_RxHalfCpltCallback
 .text.HAL_UART_ErrorCallback
                0x00000000080042f0       0x14 ./Drivers/STM32L4xx_HAL_Driver/Src/stm32l4xx_hal_uart.o
                0x00000000080042f0                HAL_UART_ErrorCallback
 .text.HAL_UARTEx_RxEventCallback
                0x0000000008004304       0x18 ./Drivers/STM32L4xx_HAL_Driver/Src/stm32l4xx_hal_uart.o
                0x0000000008004304                HAL_UARTEx_RxEventCallback
 .text.UART_SetConfig
                0x000000000800431c      0x458 ./Drivers/STM32L4xx_HAL_Driver/Src/stm32l4xx_hal_uart.o
                0x000000000800431c                UART_SetConfig
 .text.UART_AdvFeatureConfig
                0x0000000008004774      0x144 ./Drivers/STM32L4xx_HAL_Driver/Src/stm32l4xx_hal_uart.o
                0x0000000008004774                UART_AdvFeatureConfig
 .text.UART_CheckIdleState
                0x00000000080048b8       0x92 ./Drivers/STM32L4xx_HAL_Driver/Src/stm32l4xx_hal_uart.o
                0x00000000080048b8                UART_CheckIdleState
 .text.UART_WaitOnFlagUntilTimeout
                0x000000000800494a      0x188 ./Drivers/STM32L4xx_HAL_Driver/Src/stm32l4xx_hal_uart.o
                0x000000000800494a                UART_WaitOnFlagUntilTimeout
 *fill*         0x0000000008004ad2        0x2 
 .text.UART_Start_Receive_IT
                0x0000000008004ad4      0x194 ./Drivers/STM32L4xx_HAL_Driver/Src/stm32l4xx_hal_uart.o
                0x0000000008004ad4                UART_Start_Receive_IT
 .text.UART_Start_Receive_DMA
                0x0000000008004c68      0x14c ./Drivers/STM32L4xx_HAL_Driver/Src/stm32l4xx_hal_uart.o
                0x0000000008004c68                UART_Start_Receive_DMA
 .text.UART_EndTxTransfer
                0x0000000008004db4       0x4c ./Drivers/STM32L4xx_HAL_Driver/Src/stm32l4xx_hal_uart.o
 .text.UART_EndRxTransfer
                0x0000000008004e00       0xc6 ./Drivers/STM32L4xx_HAL_Driver/Src/stm32l4xx_hal_uart.o
 .text.UART_DMAReceiveCplt
                0x0000000008004ec6      0x124 ./Drivers/STM32L4xx_HAL_Driver/Src/stm32l4xx_hal_uart.o
 .text.UART_DMARxHalfCplt
                0x0000000008004fea       0x38 ./Drivers/STM32L4xx_HAL_Driver/Src/stm32l4xx_hal_uart.o
 .text.UART_DMAError
                0x0000000008005022       0x7c ./Drivers/STM32L4xx_HAL_Driver/Src/stm32l4xx_hal_uart.o
 .text.UART_DMAAbortOnError
                0x000000000800509e       0x2c ./Drivers/STM32L4xx_HAL_Driver/Src/stm32l4xx_hal_uart.o
 .text.UART_TxISR_8BIT
                0x00000000080050ca       0xb8 ./Drivers/STM32L4xx_HAL_Driver/Src/stm32l4xx_hal_uart.o
 .text.UART_TxISR_16BIT
                0x0000000008005182       0xc0 ./Drivers/STM32L4xx_HAL_Driver/Src/stm32l4xx_hal_uart.o
 .text.UART_EndTransmit_IT
                0x0000000008005242       0x54 ./Drivers/STM32L4xx_HAL_Driver/Src/stm32l4xx_hal_uart.o
 .text.UART_RxISR_8BIT
                0x0000000008005296      0x160 ./Drivers/STM32L4xx_HAL_Driver/Src/stm32l4xx_hal_uart.o
 .text.UART_RxISR_16BIT
                0x00000000080053f6      0x160 ./Drivers/STM32L4xx_HAL_Driver/Src/stm32l4xx_hal_uart.o
 .text.HAL_UARTEx_WakeupCallback
                0x0000000008005556       0x14 ./Drivers/STM32L4xx_HAL_Driver/Src/stm32l4xx_hal_uart_ex.o
                0x0000000008005556                HAL_UARTEx_WakeupCallback
 *fill*         0x000000000800556a        0x2 
 .text.__NVIC_SetPriority
                0x000000000800556c       0x54 ./Middlewares/Third_Party/FreeRTOS/Source/CMSIS_RTOS_V2/cmsis_os2.o
 .text.SysTick_Handler
                0x00000000080055c0       0x20 ./Middlewares/Third_Party/FreeRTOS/Source/CMSIS_RTOS_V2/cmsis_os2.o
                0x00000000080055c0                SysTick_Handler
 .text.SVC_Setup
                0x00000000080055e0       0x12 ./Middlewares/Third_Party/FreeRTOS/Source/CMSIS_RTOS_V2/cmsis_os2.o
 *fill*         0x00000000080055f2        0x2 
 .text.osKernelInitialize
                0x00000000080055f4       0x48 ./Middlewares/Third_Party/FreeRTOS/Source/CMSIS_RTOS_V2/cmsis_os2.o
                0x00000000080055f4                osKernelInitialize
 .text.osKernelStart
                0x000000000800563c       0x4c ./Middlewares/Third_Party/FreeRTOS/Source/CMSIS_RTOS_V2/cmsis_os2.o
                0x000000000800563c                osKernelStart
 .text.osThreadNew
                0x0000000008005688      0x124 ./Middlewares/Third_Party/FreeRTOS/Source/CMSIS_RTOS_V2/cmsis_os2.o
                0x0000000008005688                osThreadNew
 .text.osThreadExit
                0x00000000080057ac        0xc ./Middlewares/Third_Party/FreeRTOS/Source/CMSIS_RTOS_V2/cmsis_os2.o
                0x00000000080057ac                osThreadExit
 .text.osDelay  0x00000000080057b8       0x36 ./Middlewares/Third_Party/FreeRTOS/Source/CMSIS_RTOS_V2/cmsis_os2.o
                0x00000000080057b8                osDelay
 .text.osSemaphoreNew
                0x00000000080057ee      0x112 ./Middlewares/Third_Party/FreeRTOS/Source/CMSIS_RTOS_V2/cmsis_os2.o
                0x00000000080057ee                osSemaphoreNew
 .text.osSemaphoreAcquire
                0x0000000008005900       0xa4 ./Middlewares/Third_Party/FreeRTOS/Source/CMSIS_RTOS_V2/cmsis_os2.o
                0x0000000008005900                osSemaphoreAcquire
 .text.osSemaphoreRelease
                0x00000000080059a4       0x88 ./Middlewares/Third_Party/FreeRTOS/Source/CMSIS_RTOS_V2/cmsis_os2.o
                0x00000000080059a4                osSemaphoreRelease
 .text.osMessageQueueNew
                0x0000000008005a2c       0xe6 ./Middlewares/Third_Party/FreeRTOS/Source/CMSIS_RTOS_V2/cmsis_os2.o
                0x0000000008005a2c                osMessageQueueNew
 *fill*         0x0000000008005b12        0x2 
 .text.osMessageQueuePut
                0x0000000008005b14       0xc0 ./Middlewares/Third_Party/FreeRTOS/Source/CMSIS_RTOS_V2/cmsis_os2.o
                0x0000000008005b14                osMessageQueuePut
 .text.osMessageQueueGet
                0x0000000008005bd4       0xbc ./Middlewares/Third_Party/FreeRTOS/Source/CMSIS_RTOS_V2/cmsis_os2.o
                0x0000000008005bd4                osMessageQueueGet
 .text.vApplicationGetIdleTaskMemory
                0x0000000008005c90       0x34 ./Middlewares/Third_Party/FreeRTOS/Source/CMSIS_RTOS_V2/cmsis_os2.o
                0x0000000008005c90                vApplicationGetIdleTaskMemory
 .text.vApplicationGetTimerTaskMemory
                0x0000000008005cc4       0x34 ./Middlewares/Third_Party/FreeRTOS/Source/CMSIS_RTOS_V2/cmsis_os2.o
                0x0000000008005cc4                vApplicationGetTimerTaskMemory
 .text.vListInitialise
                0x0000000008005cf8       0x40 ./Middlewares/Third_Party/FreeRTOS/Source/list.o
                0x0000000008005cf8                vListInitialise
 .text.vListInitialiseItem
                0x0000000008005d38       0x1a ./Middlewares/Third_Party/FreeRTOS/Source/list.o
                0x0000000008005d38                vListInitialiseItem
 .text.vListInsertEnd
                0x0000000008005d52       0x48 ./Middlewares/Third_Party/FreeRTOS/Source/list.o
                0x0000000008005d52                vListInsertEnd
 .text.vListInsert
                0x0000000008005d9a       0x72 ./Middlewares/Third_Party/FreeRTOS/Source/list.o
                0x0000000008005d9a                vListInsert
 .text.uxListRemove
                0x0000000008005e0c       0x54 ./Middlewares/Third_Party/FreeRTOS/Source/list.o
                0x0000000008005e0c                uxListRemove
 .text.xQueueGenericReset
                0x0000000008005e60       0xd0 ./Middlewares/Third_Party/FreeRTOS/Source/queue.o
                0x0000000008005e60                xQueueGenericReset
 .text.xQueueGenericCreateStatic
                0x0000000008005f30       0xf0 ./Middlewares/Third_Party/FreeRTOS/Source/queue.o
                0x0000000008005f30                xQueueGenericCreateStatic
 .text.xQueueGenericCreate
                0x0000000008006020       0x74 ./Middlewares/Third_Party/FreeRTOS/Source/queue.o
                0x0000000008006020                xQueueGenericCreate
 .text.prvInitialiseNewQueue
                0x0000000008006094       0x46 ./Middlewares/Third_Party/FreeRTOS/Source/queue.o
 .text.xQueueCreateCountingSemaphoreStatic
                0x00000000080060da       0x6e ./Middlewares/Third_Party/FreeRTOS/Source/queue.o
                0x00000000080060da                xQueueCreateCountingSemaphoreStatic
 .text.xQueueCreateCountingSemaphore
                0x0000000008006148       0x66 ./Middlewares/Third_Party/FreeRTOS/Source/queue.o
                0x0000000008006148                xQueueCreateCountingSemaphore
 *fill*         0x00000000080061ae        0x2 
 .text.xQueueGenericSend
                0x00000000080061b0      0x1fc ./Middlewares/Third_Party/FreeRTOS/Source/queue.o
                0x00000000080061b0                xQueueGenericSend
 .text.xQueueGenericSendFromISR
                0x00000000080063ac      0x136 ./Middlewares/Third_Party/FreeRTOS/Source/queue.o
                0x00000000080063ac                xQueueGenericSendFromISR
 .text.xQueueGiveFromISR
                0x00000000080064e2      0x11a ./Middlewares/Third_Party/FreeRTOS/Source/queue.o
                0x00000000080064e2                xQueueGiveFromISR
 .text.xQueueReceive
                0x00000000080065fc      0x1c0 ./Middlewares/Third_Party/FreeRTOS/Source/queue.o
                0x00000000080065fc                xQueueReceive
 .text.xQueueSemaphoreTake
                0x00000000080067bc      0x218 ./Middlewares/Third_Party/FreeRTOS/Source/queue.o
                0x00000000080067bc                xQueueSemaphoreTake
 .text.xQueueReceiveFromISR
                0x00000000080069d4      0x100 ./Middlewares/Third_Party/FreeRTOS/Source/queue.o
                0x00000000080069d4                xQueueReceiveFromISR
 .text.vQueueDelete
                0x0000000008006ad4       0x46 ./Middlewares/Third_Party/FreeRTOS/Source/queue.o
                0x0000000008006ad4                vQueueDelete
 .text.prvGetDisinheritPriorityAfterTimeout
                0x0000000008006b1a       0x30 ./Middlewares/Third_Party/FreeRTOS/Source/queue.o
 .text.prvCopyDataToQueue
                0x0000000008006b4a       0xd4 ./Middlewares/Third_Party/FreeRTOS/Source/queue.o
 .text.prvCopyDataFromQueue
                0x0000000008006c1e       0x4c ./Middlewares/Third_Party/FreeRTOS/Source/queue.o
 .text.prvUnlockQueue
                0x0000000008006c6a       0xa4 ./Middlewares/Third_Party/FreeRTOS/Source/queue.o
 .text.prvIsQueueEmpty
                0x0000000008006d0e       0x2c ./Middlewares/Third_Party/FreeRTOS/Source/queue.o
 .text.prvIsQueueFull
                0x0000000008006d3a       0x30 ./Middlewares/Third_Party/FreeRTOS/Source/queue.o
 *fill*         0x0000000008006d6a        0x2 
 .text.vQueueAddToRegistry
                0x0000000008006d6c       0x54 ./Middlewares/Third_Party/FreeRTOS/Source/queue.o
                0x0000000008006d6c                vQueueAddToRegistry
 .text.vQueueUnregisterQueue
                0x0000000008006dc0       0x54 ./Middlewares/Third_Party/FreeRTOS/Source/queue.o
                0x0000000008006dc0                vQueueUnregisterQueue
 .text.vQueueWaitForMessageRestricted
                0x0000000008006e14       0x68 ./Middlewares/Third_Party/FreeRTOS/Source/queue.o
                0x0000000008006e14                vQueueWaitForMessageRestricted
 .text.xTaskCreateStatic
                0x0000000008006e7c       0xba ./Middlewares/Third_Party/FreeRTOS/Source/tasks.o
                0x0000000008006e7c                xTaskCreateStatic
 .text.xTaskCreate
                0x0000000008006f36       0x8a ./Middlewares/Third_Party/FreeRTOS/Source/tasks.o
                0x0000000008006f36                xTaskCreate
 .text.prvInitialiseNewTask
                0x0000000008006fc0      0x14c ./Middlewares/Third_Party/FreeRTOS/Source/tasks.o
 .text.prvAddNewTaskToReadyList
                0x000000000800710c       0xe0 ./Middlewares/Third_Party/FreeRTOS/Source/tasks.o
 .text.vTaskDelete
                0x00000000080071ec       0xe4 ./Middlewares/Third_Party/FreeRTOS/Source/tasks.o
                0x00000000080071ec                vTaskDelete
 .text.vTaskDelay
                0x00000000080072d0       0x68 ./Middlewares/Third_Party/FreeRTOS/Source/tasks.o
                0x00000000080072d0                vTaskDelay
 .text.vTaskStartScheduler
                0x0000000008007338       0xe0 ./Middlewares/Third_Party/FreeRTOS/Source/tasks.o
                0x0000000008007338                vTaskStartScheduler
 .text.vTaskSuspendAll
                0x0000000008007418       0x1c ./Middlewares/Third_Party/FreeRTOS/Source/tasks.o
                0x0000000008007418                vTaskSuspendAll
 .text.xTaskResumeAll
                0x0000000008007434      0x13c ./Middlewares/Third_Party/FreeRTOS/Source/tasks.o
                0x0000000008007434                xTaskResumeAll
 .text.xTaskGetTickCount
                0x0000000008007570       0x20 ./Middlewares/Third_Party/FreeRTOS/Source/tasks.o
                0x0000000008007570                xTaskGetTickCount
 .text.xTaskIncrementTick
                0x0000000008007590      0x174 ./Middlewares/Third_Party/FreeRTOS/Source/tasks.o
                0x0000000008007590                xTaskIncrementTick
 .text.vTaskSwitchContext
                0x0000000008007704       0xc8 ./Middlewares/Third_Party/FreeRTOS/Source/tasks.o
                0x0000000008007704                vTaskSwitchContext
 .text.vTaskPlaceOnEventList
                0x00000000080077cc       0x48 ./Middlewares/Third_Party/FreeRTOS/Source/tasks.o
                0x00000000080077cc                vTaskPlaceOnEventList
 .text.vTaskPlaceOnEventListRestricted
                0x0000000008007814       0x58 ./Middlewares/Third_Party/FreeRTOS/Source/tasks.o
                0x0000000008007814                vTaskPlaceOnEventListRestricted
 .text.xTaskRemoveFromEventList
                0x000000000800786c       0xc8 ./Middlewares/Third_Party/FreeRTOS/Source/tasks.o
                0x000000000800786c                xTaskRemoveFromEventList
 .text.vTaskInternalSetTimeOutState
                0x0000000008007934       0x2c ./Middlewares/Third_Party/FreeRTOS/Source/tasks.o
                0x0000000008007934                vTaskInternalSetTimeOutState
 .text.xTaskCheckForTimeOut
                0x0000000008007960       0xc4 ./Middlewares/Third_Party/FreeRTOS/Source/tasks.o
                0x0000000008007960                xTaskCheckForTimeOut
 .text.vTaskMissedYield
                0x0000000008007a24       0x18 ./Middlewares/Third_Party/FreeRTOS/Source/tasks.o
                0x0000000008007a24                vTaskMissedYield
 .text.prvIdleTask
                0x0000000008007a3c       0x30 ./Middlewares/Third_Party/FreeRTOS/Source/tasks.o
 .text.prvInitialiseTaskLists
                0x0000000008007a6c       0x80 ./Middlewares/Third_Party/FreeRTOS/Source/tasks.o
 .text.prvCheckTasksWaitingTermination
                0x0000000008007aec       0x5c ./Middlewares/Third_Party/FreeRTOS/Source/tasks.o
 .text.prvDeleteTCB
                0x0000000008007b48       0x68 ./Middlewares/Third_Party/FreeRTOS/Source/tasks.o
 .text.prvResetNextTaskUnblockTime
                0x0000000008007bb0       0x40 ./Middlewares/Third_Party/FreeRTOS/Source/tasks.o
 .text.xTaskGetSchedulerState
                0x0000000008007bf0       0x3c ./Middlewares/Third_Party/FreeRTOS/Source/tasks.o
                0x0000000008007bf0                xTaskGetSchedulerState
 .text.xTaskPriorityInherit
                0x0000000008007c2c       0xd0 ./Middlewares/Third_Party/FreeRTOS/Source/tasks.o
                0x0000000008007c2c                xTaskPriorityInherit
 .text.xTaskPriorityDisinherit
                0x0000000008007cfc       0xdc ./Middlewares/Third_Party/FreeRTOS/Source/tasks.o
                0x0000000008007cfc                xTaskPriorityDisinherit
 .text.vTaskPriorityDisinheritAfterTimeout
                0x0000000008007dd8      0x104 ./Middlewares/Third_Party/FreeRTOS/Source/tasks.o
                0x0000000008007dd8                vTaskPriorityDisinheritAfterTimeout
 .text.pvTaskIncrementMutexHeldCount
                0x0000000008007edc       0x28 ./Middlewares/Third_Party/FreeRTOS/Source/tasks.o
                0x0000000008007edc                pvTaskIncrementMutexHeldCount
 .text.xTaskNotifyWait
                0x0000000008007f04       0xc0 ./Middlewares/Third_Party/FreeRTOS/Source/tasks.o
                0x0000000008007f04                xTaskNotifyWait
 .text.xTaskGenericNotifyFromISR
                0x0000000008007fc4      0x1c8 ./Middlewares/Third_Party/FreeRTOS/Source/tasks.o
                0x0000000008007fc4                xTaskGenericNotifyFromISR
 .text.prvAddCurrentTaskToDelayedList
                0x000000000800818c       0xa8 ./Middlewares/Third_Party/FreeRTOS/Source/tasks.o
 .text.xTimerCreateTimerTask
                0x0000000008008234       0x90 ./Middlewares/Third_Party/FreeRTOS/Source/timers.o
                0x0000000008008234                xTimerCreateTimerTask
 .text.xTimerGenericCommand
                0x00000000080082c4       0x9c ./Middlewares/Third_Party/FreeRTOS/Source/timers.o
                0x00000000080082c4                xTimerGenericCommand
 .text.prvProcessExpiredTimer
                0x0000000008008360       0x98 ./Middlewares/Third_Party/FreeRTOS/Source/timers.o
 .text.prvTimerTask
                0x00000000080083f8       0x24 ./Middlewares/Third_Party/FreeRTOS/Source/timers.o
 .text.prvProcessTimerOrBlockTask
                0x000000000800841c       0x9c ./Middlewares/Third_Party/FreeRTOS/Source/timers.o
 .text.prvGetNextExpireTime
                0x00000000080084b8       0x48 ./Middlewares/Third_Party/FreeRTOS/Source/timers.o
 .text.prvSampleTimeNow
                0x0000000008008500       0x40 ./Middlewares/Third_Party/FreeRTOS/Source/timers.o
 .text.prvInsertTimerInActiveList
                0x0000000008008540       0x84 ./Middlewares/Third_Party/FreeRTOS/Source/timers.o
 .text.prvProcessReceivedCommands
                0x00000000080085c4      0x1c4 ./Middlewares/Third_Party/FreeRTOS/Source/timers.o
 .text.prvSwitchTimerLists
                0x0000000008008788       0xc8 ./Middlewares/Third_Party/FreeRTOS/Source/timers.o
 .text.prvCheckForValidListAndQueue
                0x0000000008008850       0x80 ./Middlewares/Third_Party/FreeRTOS/Source/timers.o
 .text.pxPortInitialiseStack
                0x00000000080088d0       0x68 ./Middlewares/Third_Party/FreeRTOS/Source/portable/GCC/ARM_CM4F/port.o
                0x00000000080088d0                pxPortInitialiseStack
 .text.prvTaskExitError
                0x0000000008008938       0x58 ./Middlewares/Third_Party/FreeRTOS/Source/portable/GCC/ARM_CM4F/port.o
 .text.SVC_Handler
                0x0000000008008990       0x28 ./Middlewares/Third_Party/FreeRTOS/Source/portable/GCC/ARM_CM4F/port.o
                0x0000000008008990                SVC_Handler
 .text.prvPortStartFirstTask
                0x00000000080089b8       0x28 ./Middlewares/Third_Party/FreeRTOS/Source/portable/GCC/ARM_CM4F/port.o
 .text.xPortStartScheduler
                0x00000000080089e0      0x144 ./Middlewares/Third_Party/FreeRTOS/Source/portable/GCC/ARM_CM4F/port.o
                0x00000000080089e0                xPortStartScheduler
 .text.vPortEnterCritical
                0x0000000008008b24       0x60 ./Middlewares/Third_Party/FreeRTOS/Source/portable/GCC/ARM_CM4F/port.o
                0x0000000008008b24                vPortEnterCritical
 .text.vPortExitCritical
                0x0000000008008b84       0x54 ./Middlewares/Third_Party/FreeRTOS/Source/portable/GCC/ARM_CM4F/port.o
                0x0000000008008b84                vPortExitCritical
 *fill*         0x0000000008008bd8        0x8 
 .text.PendSV_Handler
                0x0000000008008be0       0x68 ./Middlewares/Third_Party/FreeRTOS/Source/portable/GCC/ARM_CM4F/port.o
                0x0000000008008be0                PendSV_Handler
 .text.xPortSysTickHandler
                0x0000000008008c48       0x44 ./Middlewares/Third_Party/FreeRTOS/Source/portable/GCC/ARM_CM4F/port.o
                0x0000000008008c48                xPortSysTickHandler
 .text.vPortSetupTimerInterrupt
                0x0000000008008c8c       0x48 ./Middlewares/Third_Party/FreeRTOS/Source/portable/GCC/ARM_CM4F/port.o
                0x0000000008008c8c                vPortSetupTimerInterrupt
 .text.vPortEnableVFP
                0x0000000008008cd4       0x14 ./Middlewares/Third_Party/FreeRTOS/Source/portable/GCC/ARM_CM4F/port.o
 .text.vPortValidateInterruptPriority
                0x0000000008008ce8       0x80 ./Middlewares/Third_Party/FreeRTOS/Source/portable/GCC/ARM_CM4F/port.o
                0x0000000008008ce8                vPortValidateInterruptPriority
 .text.pvPortMalloc
                0x0000000008008d68      0x198 ./Middlewares/Third_Party/FreeRTOS/Source/portable/MemMang/heap_4.o
                0x0000000008008d68                pvPortMalloc
 .text.vPortFree
                0x0000000008008f00       0xc4 ./Middlewares/Third_Party/FreeRTOS/Source/portable/MemMang/heap_4.o
                0x0000000008008f00                vPortFree
 .text.prvHeapInit
                0x0000000008008fc4       0xc4 ./Middlewares/Third_Party/FreeRTOS/Source/portable/MemMang/heap_4.o
 .text.prvInsertBlockIntoFreeList
                0x0000000008009088       0xb4 ./Middlewares/Third_Party/FreeRTOS/Source/portable/MemMang/heap_4.o
 .text.__errno  0x000000000800913c        0xc /Applications/STM32CubeIDE.app/Contents/Eclipse/plugins/com.st.stm32cube.ide.mcu.externaltools.gnu-tools-for-stm32.10.3-2021.10.macos64_1.0.200.202301161003/tools/bin/../lib/gcc/arm-none-eabi/10.3.1/../../../../arm-none-eabi/lib/thumb/v7e-m+fp/hard/libc_nano.a(lib_a-errno.o)
                0x000000000800913c                __errno
 .text.std      0x0000000008009148       0x48 /Applications/STM32CubeIDE.app/Contents/Eclipse/plugins/com.st.stm32cube.ide.mcu.externaltools.gnu-tools-for-stm32.10.3-2021.10.macos64_1.0.200.202301161003/tools/bin/../lib/gcc/arm-none-eabi/10.3.1/../../../../arm-none-eabi/lib/thumb/v7e-m+fp/hard/libc_nano.a(lib_a-findfp.o)
 .text._cleanup_r
                0x0000000008009190        0xc /Applications/STM32CubeIDE.app/Contents/Eclipse/plugins/com.st.stm32cube.ide.mcu.externaltools.gnu-tools-for-stm32.10.3-2021.10.macos64_1.0.200.202301161003/tools/bin/../lib/gcc/arm-none-eabi/10.3.1/../../../../arm-none-eabi/lib/thumb/v7e-m+fp/hard/libc_nano.a(lib_a-findfp.o)
                0x0000000008009190                _cleanup_r
 .text.__sfmoreglue
                0x000000000800919c       0x2c /Applications/STM32CubeIDE.app/Contents/Eclipse/plugins/com.st.stm32cube.ide.mcu.externaltools.gnu-tools-for-stm32.10.3-2021.10.macos64_1.0.200.202301161003/tools/bin/../lib/gcc/arm-none-eabi/10.3.1/../../../../arm-none-eabi/lib/thumb/v7e-m+fp/hard/libc_nano.a(lib_a-findfp.o)
                0x000000000800919c                __sfmoreglue
 .text.__sfp_lock_acquire
                0x00000000080091c8        0xc /Applications/STM32CubeIDE.app/Contents/Eclipse/plugins/com.st.stm32cube.ide.mcu.externaltools.gnu-tools-for-stm32.10.3-2021.10.macos64_1.0.200.202301161003/tools/bin/../lib/gcc/arm-none-eabi/10.3.1/../../../../arm-none-eabi/lib/thumb/v7e-m+fp/hard/libc_nano.a(lib_a-findfp.o)
                0x00000000080091c8                __sfp_lock_acquire
 .text.__sfp_lock_release
                0x00000000080091d4        0xc /Applications/STM32CubeIDE.app/Contents/Eclipse/plugins/com.st.stm32cube.ide.mcu.externaltools.gnu-tools-for-stm32.10.3-2021.10.macos64_1.0.200.202301161003/tools/bin/../lib/gcc/arm-none-eabi/10.3.1/../../../../arm-none-eabi/lib/thumb/v7e-m+fp/hard/libc_nano.a(lib_a-findfp.o)
                0x00000000080091d4                __sfp_lock_release
 .text.__sinit_lock_acquire
                0x00000000080091e0        0xc /Applications/STM32CubeIDE.app/Contents/Eclipse/plugins/com.st.stm32cube.ide.mcu.externaltools.gnu-tools-for-stm32.10.3-2021.10.macos64_1.0.200.202301161003/tools/bin/../lib/gcc/arm-none-eabi/10.3.1/../../../../arm-none-eabi/lib/thumb/v7e-m+fp/hard/libc_nano.a(lib_a-findfp.o)
                0x00000000080091e0                __sinit_lock_acquire
 .text.__sinit_lock_release
                0x00000000080091ec        0xc /Applications/STM32CubeIDE.app/Contents/Eclipse/plugins/com.st.stm32cube.ide.mcu.externaltools.gnu-tools-for-stm32.10.3-2021.10.macos64_1.0.200.202301161003/tools/bin/../lib/gcc/arm-none-eabi/10.3.1/../../../../arm-none-eabi/lib/thumb/v7e-m+fp/hard/libc_nano.a(lib_a-findfp.o)
                0x00000000080091ec                __sinit_lock_release
 .text.__sinit  0x00000000080091f8       0x70 /Applications/STM32CubeIDE.app/Contents/Eclipse/plugins/com.st.stm32cube.ide.mcu.externaltools.gnu-tools-for-stm32.10.3-2021.10.macos64_1.0.200.202301161003/tools/bin/../lib/gcc/arm-none-eabi/10.3.1/../../../../arm-none-eabi/lib/thumb/v7e-m+fp/hard/libc_nano.a(lib_a-findfp.o)
                0x00000000080091f8                __sinit
 .text.__sfp    0x0000000008009268       0x8c /Applications/STM32CubeIDE.app/Contents/Eclipse/plugins/com.st.stm32cube.ide.mcu.externaltools.gnu-tools-for-stm32.10.3-2021.10.macos64_1.0.200.202301161003/tools/bin/../lib/gcc/arm-none-eabi/10.3.1/../../../../arm-none-eabi/lib/thumb/v7e-m+fp/hard/libc_nano.a(lib_a-findfp.o)
                0x0000000008009268                __sfp
 .text._fwalk_reent
                0x00000000080092f4       0x3e /Applications/STM32CubeIDE.app/Contents/Eclipse/plugins/com.st.stm32cube.ide.mcu.externaltools.gnu-tools-for-stm32.10.3-2021.10.macos64_1.0.200.202301161003/tools/bin/../lib/gcc/arm-none-eabi/10.3.1/../../../../arm-none-eabi/lib/thumb/v7e-m+fp/hard/libc_nano.a(lib_a-fwalk.o)
                0x00000000080092f4                _fwalk_reent
 *fill*         0x0000000008009332        0x2 
 .text.__libc_init_array
                0x0000000008009334       0x48 /Applications/STM32CubeIDE.app/Contents/Eclipse/plugins/com.st.stm32cube.ide.mcu.externaltools.gnu-tools-for-stm32.10.3-2021.10.macos64_1.0.200.202301161003/tools/bin/../lib/gcc/arm-none-eabi/10.3.1/../../../../arm-none-eabi/lib/thumb/v7e-m+fp/hard/libc_nano.a(lib_a-init.o)
                0x0000000008009334                __libc_init_array
 .text.__retarget_lock_init_recursive
                0x000000000800937c        0x2 /Applications/STM32CubeIDE.app/Contents/Eclipse/plugins/com.st.stm32cube.ide.mcu.externaltools.gnu-tools-for-stm32.10.3-2021.10.macos64_1.0.200.202301161003/tools/bin/../lib/gcc/arm-none-eabi/10.3.1/../../../../arm-none-eabi/lib/thumb/v7e-m+fp/hard/libc_nano.a(lib_a-lock.o)
                0x000000000800937c                __retarget_lock_init_recursive
 .text.__retarget_lock_acquire_recursive
                0x000000000800937e        0x2 /Applications/STM32CubeIDE.app/Contents/Eclipse/plugins/com.st.stm32cube.ide.mcu.externaltools.gnu-tools-for-stm32.10.3-2021.10.macos64_1.0.200.202301161003/tools/bin/../lib/gcc/arm-none-eabi/10.3.1/../../../../arm-none-eabi/lib/thumb/v7e-m+fp/hard/libc_nano.a(lib_a-lock.o)
                0x000000000800937e                __retarget_lock_acquire_recursive
 .text.__retarget_lock_release_recursive
                0x0000000008009380        0x2 /Applications/STM32CubeIDE.app/Contents/Eclipse/plugins/com.st.stm32cube.ide.mcu.externaltools.gnu-tools-for-stm32.10.3-2021.10.macos64_1.0.200.202301161003/tools/bin/../lib/gcc/arm-none-eabi/10.3.1/../../../../arm-none-eabi/lib/thumb/v7e-m+fp/hard/libc_nano.a(lib_a-lock.o)
                0x0000000008009380                __retarget_lock_release_recursive
 .text.memcmp   0x0000000008009382       0x20 /Applications/STM32CubeIDE.app/Contents/Eclipse/plugins/com.st.stm32cube.ide.mcu.externaltools.gnu-tools-for-stm32.10.3-2021.10.macos64_1.0.200.202301161003/tools/bin/../lib/gcc/arm-none-eabi/10.3.1/../../../../arm-none-eabi/lib/thumb/v7e-m+fp/hard/libc_nano.a(lib_a-memcmp.o)
                0x0000000008009382                memcmp
 .text.memcpy   0x00000000080093a2       0x1c /Applications/STM32CubeIDE.app/Contents/Eclipse/plugins/com.st.stm32cube.ide.mcu.externaltools.gnu-tools-for-stm32.10.3-2021.10.macos64_1.0.200.202301161003/tools/bin/../lib/gcc/arm-none-eabi/10.3.1/../../../../arm-none-eabi/lib/thumb/v7e-m+fp/hard/libc_nano.a(lib_a-memcpy-stub.o)
                0x00000000080093a2                memcpy
 .text.memset   0x00000000080093be       0x10 /Applications/STM32CubeIDE.app/Contents/Eclipse/plugins/com.st.stm32cube.ide.mcu.externaltools.gnu-tools-for-stm32.10.3-2021.10.macos64_1.0.200.202301161003/tools/bin/../lib/gcc/arm-none-eabi/10.3.1/../../../../arm-none-eabi/lib/thumb/v7e-m+fp/hard/libc_nano.a(lib_a-memset.o)
                0x00000000080093be                memset
 *fill*         0x00000000080093ce        0x2 
 .text.sbrk_aligned
                0x00000000080093d0       0x40 /Applications/STM32CubeIDE.app/Contents/Eclipse/plugins/com.st.stm32cube.ide.mcu.externaltools.gnu-tools-for-stm32.10.3-2021.10.macos64_1.0.200.202301161003/tools/bin/../lib/gcc/arm-none-eabi/10.3.1/../../../../arm-none-eabi/lib/thumb/v7e-m+fp/hard/libc_nano.a(lib_a-nano-mallocr.o)
 .text._malloc_r
                0x0000000008009410       0xe8 /Applications/STM32CubeIDE.app/Contents/Eclipse/plugins/com.st.stm32cube.ide.mcu.externaltools.gnu-tools-for-stm32.10.3-2021.10.macos64_1.0.200.202301161003/tools/bin/../lib/gcc/arm-none-eabi/10.3.1/../../../../arm-none-eabi/lib/thumb/v7e-m+fp/hard/libc_nano.a(lib_a-nano-mallocr.o)
                0x0000000008009410                _malloc_r
 .text.printf   0x00000000080094f8       0x30 /Applications/STM32CubeIDE.app/Contents/Eclipse/plugins/com.st.stm32cube.ide.mcu.externaltools.gnu-tools-for-stm32.10.3-2021.10.macos64_1.0.200.202301161003/tools/bin/../lib/gcc/arm-none-eabi/10.3.1/../../../../arm-none-eabi/lib/thumb/v7e-m+fp/hard/libc_nano.a(lib_a-printf.o)
                0x00000000080094f8                printf
                0x00000000080094f8                iprintf
 .text.cleanup_glue
                0x0000000008009528       0x1a /Applications/STM32CubeIDE.app/Contents/Eclipse/plugins/com.st.stm32cube.ide.mcu.externaltools.gnu-tools-for-stm32.10.3-2021.10.macos64_1.0.200.202301161003/tools/bin/../lib/gcc/arm-none-eabi/10.3.1/../../../../arm-none-eabi/lib/thumb/v7e-m+fp/hard/libc_nano.a(lib_a-reent.o)
                0x0000000008009528                cleanup_glue
 *fill*         0x0000000008009542        0x2 
 .text._reclaim_reent
                0x0000000008009544       0xb8 /Applications/STM32CubeIDE.app/Contents/Eclipse/plugins/com.st.stm32cube.ide.mcu.externaltools.gnu-tools-for-stm32.10.3-2021.10.macos64_1.0.200.202301161003/tools/bin/../lib/gcc/arm-none-eabi/10.3.1/../../../../arm-none-eabi/lib/thumb/v7e-m+fp/hard/libc_nano.a(lib_a-reent.o)
                0x0000000008009544                _reclaim_reent
 .text._sbrk_r  0x00000000080095fc       0x20 /Applications/STM32CubeIDE.app/Contents/Eclipse/plugins/com.st.stm32cube.ide.mcu.externaltools.gnu-tools-for-stm32.10.3-2021.10.macos64_1.0.200.202301161003/tools/bin/../lib/gcc/arm-none-eabi/10.3.1/../../../../arm-none-eabi/lib/thumb/v7e-m+fp/hard/libc_nano.a(lib_a-sbrkr.o)
                0x00000000080095fc                _sbrk_r
 .text.snprintf
                0x000000000800961c       0x68 /Applications/STM32CubeIDE.app/Contents/Eclipse/plugins/com.st.stm32cube.ide.mcu.externaltools.gnu-tools-for-stm32.10.3-2021.10.macos64_1.0.200.202301161003/tools/bin/../lib/gcc/arm-none-eabi/10.3.1/../../../../arm-none-eabi/lib/thumb/v7e-m+fp/hard/libc_nano.a(lib_a-snprintf.o)
                0x000000000800961c                snprintf
                0x000000000800961c                sniprintf
 .text.__sread  0x0000000008009684       0x22 /Applications/STM32CubeIDE.app/Contents/Eclipse/plugins/com.st.stm32cube.ide.mcu.externaltools.gnu-tools-for-stm32.10.3-2021.10.macos64_1.0.200.202301161003/tools/bin/../lib/gcc/arm-none-eabi/10.3.1/../../../../arm-none-eabi/lib/thumb/v7e-m+fp/hard/libc_nano.a(lib_a-stdio.o)
                0x0000000008009684                __sread
 .text.__swrite
                0x00000000080096a6       0x38 /Applications/STM32CubeIDE.app/Contents/Eclipse/plugins/com.st.stm32cube.ide.mcu.externaltools.gnu-tools-for-stm32.10.3-2021.10.macos64_1.0.200.202301161003/tools/bin/../lib/gcc/arm-none-eabi/10.3.1/../../../../arm-none-eabi/lib/thumb/v7e-m+fp/hard/libc_nano.a(lib_a-stdio.o)
                0x00000000080096a6                __swrite
 .text.__sseek  0x00000000080096de       0x24 /Applications/STM32CubeIDE.app/Contents/Eclipse/plugins/com.st.stm32cube.ide.mcu.externaltools.gnu-tools-for-stm32.10.3-2021.10.macos64_1.0.200.202301161003/tools/bin/../lib/gcc/arm-none-eabi/10.3.1/../../../../arm-none-eabi/lib/thumb/v7e-m+fp/hard/libc_nano.a(lib_a-stdio.o)
                0x00000000080096de                __sseek
 .text.__sclose
                0x0000000008009702        0x8 /Applications/STM32CubeIDE.app/Contents/Eclipse/plugins/com.st.stm32cube.ide.mcu.externaltools.gnu-tools-for-stm32.10.3-2021.10.macos64_1.0.200.202301161003/tools/bin/../lib/gcc/arm-none-eabi/10.3.1/../../../../arm-none-eabi/lib/thumb/v7e-m+fp/hard/libc_nano.a(lib_a-stdio.o)
                0x0000000008009702                __sclose
 .text.strncpy  0x000000000800970a       0x26 /Applications/STM32CubeIDE.app/Contents/Eclipse/plugins/com.st.stm32cube.ide.mcu.externaltools.gnu-tools-for-stm32.10.3-2021.10.macos64_1.0.200.202301161003/tools/bin/../lib/gcc/arm-none-eabi/10.3.1/../../../../arm-none-eabi/lib/thumb/v7e-m+fp/hard/libc_nano.a(lib_a-strncpy.o)
                0x000000000800970a                strncpy
 .text._write_r
                0x0000000008009730       0x24 /Applications/STM32CubeIDE.app/Contents/Eclipse/plugins/com.st.stm32cube.ide.mcu.externaltools.gnu-tools-for-stm32.10.3-2021.10.macos64_1.0.200.202301161003/tools/bin/../lib/gcc/arm-none-eabi/10.3.1/../../../../arm-none-eabi/lib/thumb/v7e-m+fp/hard/libc_nano.a(lib_a-writer.o)
                0x0000000008009730                _write_r
 .text._close_r
                0x0000000008009754       0x20 /Applications/STM32CubeIDE.app/Contents/Eclipse/plugins/com.st.stm32cube.ide.mcu.externaltools.gnu-tools-for-stm32.10.3-2021.10.macos64_1.0.200.202301161003/tools/bin/../lib/gcc/arm-none-eabi/10.3.1/../../../../arm-none-eabi/lib/thumb/v7e-m+fp/hard/libc_nano.a(lib_a-closer.o)
                0x0000000008009754                _close_r
 .text.__sflush_r
                0x0000000008009774      0x10c /Applications/STM32CubeIDE.app/Contents/Eclipse/plugins/com.st.stm32cube.ide.mcu.externaltools.gnu-tools-for-stm32.10.3-2021.10.macos64_1.0.200.202301161003/tools/bin/../lib/gcc/arm-none-eabi/10.3.1/../../../../arm-none-eabi/lib/thumb/v7e-m+fp/hard/libc_nano.a(lib_a-fflush.o)
                0x0000000008009774                __sflush_r
 .text._fflush_r
                0x0000000008009880       0x78 /Applications/STM32CubeIDE.app/Contents/Eclipse/plugins/com.st.stm32cube.ide.mcu.externaltools.gnu-tools-for-stm32.10.3-2021.10.macos64_1.0.200.202301161003/tools/bin/../lib/gcc/arm-none-eabi/10.3.1/../../../../arm-none-eabi/lib/thumb/v7e-m+fp/hard/libc_nano.a(lib_a-fflush.o)
                0x0000000008009880                _fflush_r
 .text._lseek_r
                0x00000000080098f8       0x24 /Applications/STM32CubeIDE.app/Contents/Eclipse/plugins/com.st.stm32cube.ide.mcu.externaltools.gnu-tools-for-stm32.10.3-2021.10.macos64_1.0.200.202301161003/tools/bin/../lib/gcc/arm-none-eabi/10.3.1/../../../../arm-none-eabi/lib/thumb/v7e-m+fp/hard/libc_nano.a(lib_a-lseekr.o)
                0x00000000080098f8                _lseek_r
 .text.__malloc_lock
                0x000000000800991c        0xc /Applications/STM32CubeIDE.app/Contents/Eclipse/plugins/com.st.stm32cube.ide.mcu.externaltools.gnu-tools-for-stm32.10.3-2021.10.macos64_1.0.200.202301161003/tools/bin/../lib/gcc/arm-none-eabi/10.3.1/../../../../arm-none-eabi/lib/thumb/v7e-m+fp/hard/libc_nano.a(lib_a-mlock.o)
                0x000000000800991c                __malloc_lock
 .text.__malloc_unlock
                0x0000000008009928        0xc /Applications/STM32CubeIDE.app/Contents/Eclipse/plugins/com.st.stm32cube.ide.mcu.externaltools.gnu-tools-for-stm32.10.3-2021.10.macos64_1.0.200.202301161003/tools/bin/../lib/gcc/arm-none-eabi/10.3.1/../../../../arm-none-eabi/lib/thumb/v7e-m+fp/hard/libc_nano.a(lib_a-mlock.o)
                0x0000000008009928                __malloc_unlock
 .text._free_r  0x0000000008009934       0x98 /Applications/STM32CubeIDE.app/Contents/Eclipse/plugins/com.st.stm32cube.ide.mcu.externaltools.gnu-tools-for-stm32.10.3-2021.10.macos64_1.0.200.202301161003/tools/bin/../lib/gcc/arm-none-eabi/10.3.1/../../../../arm-none-eabi/lib/thumb/v7e-m+fp/hard/libc_nano.a(lib_a-nano-freer.o)
                0x0000000008009934                _free_r
 .text.__ssputs_r
                0x00000000080099cc       0xb6 /Applications/STM32CubeIDE.app/Contents/Eclipse/plugins/com.st.stm32cube.ide.mcu.externaltools.gnu-tools-for-stm32.10.3-2021.10.macos64_1.0.200.202301161003/tools/bin/../lib/gcc/arm-none-eabi/10.3.1/../../../../arm-none-eabi/lib/thumb/v7e-m+fp/hard/libc_nano.a(lib_a-nano-svfprintf.o)
                0x00000000080099cc                __ssputs_r
 *fill*         0x0000000008009a82        0x2 
 .text._svfprintf_r
                0x0000000008009a84      0x200 /Applications/STM32CubeIDE.app/Contents/Eclipse/plugins/com.st.stm32cube.ide.mcu.externaltools.gnu-tools-for-stm32.10.3-2021.10.macos64_1.0.200.202301161003/tools/bin/../lib/gcc/arm-none-eabi/10.3.1/../../../../arm-none-eabi/lib/thumb/v7e-m+fp/hard/libc_nano.a(lib_a-nano-svfprintf.o)
                0x0000000008009a84                _svfprintf_r
                0x0000000008009a84                _svfiprintf_r
 .text.__sfputc_r
                0x0000000008009c84       0x2e /Applications/STM32CubeIDE.app/Contents/Eclipse/plugins/com.st.stm32cube.ide.mcu.externaltools.gnu-tools-for-stm32.10.3-2021.10.macos64_1.0.200.202301161003/tools/bin/../lib/gcc/arm-none-eabi/10.3.1/../../../../arm-none-eabi/lib/thumb/v7e-m+fp/hard/libc_nano.a(lib_a-nano-vfprintf.o)
 .text.__sfputs_r
                0x0000000008009cb2       0x24 /Applications/STM32CubeIDE.app/Contents/Eclipse/plugins/com.st.stm32cube.ide.mcu.externaltools.gnu-tools-for-stm32.10.3-2021.10.macos64_1.0.200.202301161003/tools/bin/../lib/gcc/arm-none-eabi/10.3.1/../../../../arm-none-eabi/lib/thumb/v7e-m+fp/hard/libc_nano.a(lib_a-nano-vfprintf.o)
                0x0000000008009cb2                __sfputs_r
 *fill*         0x0000000008009cd6        0x2 
 .text._vfprintf_r
                0x0000000008009cd8      0x260 /Applications/STM32CubeIDE.app/Contents/Eclipse/plugins/com.st.stm32cube.ide.mcu.externaltools.gnu-tools-for-stm32.10.3-2021.10.macos64_1.0.200.202301161003/tools/bin/../lib/gcc/arm-none-eabi/10.3.1/../../../../arm-none-eabi/lib/thumb/v7e-m+fp/hard/libc_nano.a(lib_a-nano-vfprintf.o)
                0x0000000008009cd8                _vfiprintf_r
                0x0000000008009cd8                _vfprintf_r
 .text._printf_common
                0x0000000008009f38       0xda /Applications/STM32CubeIDE.app/Contents/Eclipse/plugins/com.st.stm32cube.ide.mcu.externaltools.gnu-tools-for-stm32.10.3-2021.10.macos64_1.0.200.202301161003/tools/bin/../lib/gcc/arm-none-eabi/10.3.1/../../../../arm-none-eabi/lib/thumb/v7e-m+fp/hard/libc_nano.a(lib_a-nano-vfprintf_i.o)
                0x0000000008009f38                _printf_common
 *fill*         0x000000000800a012        0x2 
 .text._printf_i
                0x000000000800a014      0x24c /Applications/STM32CubeIDE.app/Contents/Eclipse/plugins/com.st.stm32cube.ide.mcu.externaltools.gnu-tools-for-stm32.10.3-2021.10.macos64_1.0.200.202301161003/tools/bin/../lib/gcc/arm-none-eabi/10.3.1/../../../../arm-none-eabi/lib/thumb/v7e-m+fp/hard/libc_nano.a(lib_a-nano-vfprintf_i.o)
                0x000000000800a014                _printf_i
 .text._read_r  0x000000000800a260       0x24 /Applications/STM32CubeIDE.app/Contents/Eclipse/plugins/com.st.stm32cube.ide.mcu.externaltools.gnu-tools-for-stm32.10.3-2021.10.macos64_1.0.200.202301161003/tools/bin/../lib/gcc/arm-none-eabi/10.3.1/../../../../arm-none-eabi/lib/thumb/v7e-m+fp/hard/libc_nano.a(lib_a-readr.o)
                0x000000000800a260                _read_r
 .text.__swbuf_r
                0x000000000800a284       0xa4 /Applications/STM32CubeIDE.app/Contents/Eclipse/plugins/com.st.stm32cube.ide.mcu.externaltools.gnu-tools-for-stm32.10.3-2021.10.macos64_1.0.200.202301161003/tools/bin/../lib/gcc/arm-none-eabi/10.3.1/../../../../arm-none-eabi/lib/thumb/v7e-m+fp/hard/libc_nano.a(lib_a-wbuf.o)
                0x000000000800a284                __swbuf_r
 .text.__swsetup_r
                0x000000000800a328       0xdc /Applications/STM32CubeIDE.app/Contents/Eclipse/plugins/com.st.stm32cube.ide.mcu.externaltools.gnu-tools-for-stm32.10.3-2021.10.macos64_1.0.200.202301161003/tools/bin/../lib/gcc/arm-none-eabi/10.3.1/../../../../arm-none-eabi/lib/thumb/v7e-m+fp/hard/libc_nano.a(lib_a-wsetup.o)
                0x000000000800a328                __swsetup_r
 .text.__swhatbuf_r
                0x000000000800a404       0x4a /Applications/STM32CubeIDE.app/Contents/Eclipse/plugins/com.st.stm32cube.ide.mcu.externaltools.gnu-tools-for-stm32.10.3-2021.10.macos64_1.0.200.202301161003/tools/bin/../lib/gcc/arm-none-eabi/10.3.1/../../../../arm-none-eabi/lib/thumb/v7e-m+fp/hard/libc_nano.a(lib_a-makebuf.o)
                0x000000000800a404                __swhatbuf_r
 *fill*         0x000000000800a44e        0x2 
 .text.__smakebuf_r
                0x000000000800a450       0x80 /Applications/STM32CubeIDE.app/Contents/Eclipse/plugins/com.st.stm32cube.ide.mcu.externaltools.gnu-tools-for-stm32.10.3-2021.10.macos64_1.0.200.202301161003/tools/bin/../lib/gcc/arm-none-eabi/10.3.1/../../../../arm-none-eabi/lib/thumb/v7e-m+fp/hard/libc_nano.a(lib_a-makebuf.o)
                0x000000000800a450                __smakebuf_r
 .text.memmove  0x000000000800a4d0       0x34 /Applications/STM32CubeIDE.app/Contents/Eclipse/plugins/com.st.stm32cube.ide.mcu.externaltools.gnu-tools-for-stm32.10.3-2021.10.macos64_1.0.200.202301161003/tools/bin/../lib/gcc/arm-none-eabi/10.3.1/../../../../arm-none-eabi/lib/thumb/v7e-m+fp/hard/libc_nano.a(lib_a-memmove.o)
                0x000000000800a4d0                memmove
 .text._realloc_r
                0x000000000800a504       0x5e /Applications/STM32CubeIDE.app/Contents/Eclipse/plugins/com.st.stm32cube.ide.mcu.externaltools.gnu-tools-for-stm32.10.3-2021.10.macos64_1.0.200.202301161003/tools/bin/../lib/gcc/arm-none-eabi/10.3.1/../../../../arm-none-eabi/lib/thumb/v7e-m+fp/hard/libc_nano.a(lib_a-nano-reallocr.o)
                0x000000000800a504                _realloc_r
 *fill*         0x000000000800a562        0x2 
 .text._fstat_r
                0x000000000800a564       0x24 /Applications/STM32CubeIDE.app/Contents/Eclipse/plugins/com.st.stm32cube.ide.mcu.externaltools.gnu-tools-for-stm32.10.3-2021.10.macos64_1.0.200.202301161003/tools/bin/../lib/gcc/arm-none-eabi/10.3.1/../../../../arm-none-eabi/lib/thumb/v7e-m+fp/hard/libc_nano.a(lib_a-fstatr.o)
                0x000000000800a564                _fstat_r
 .text._isatty_r
                0x000000000800a588       0x20 /Applications/STM32CubeIDE.app/Contents/Eclipse/plugins/com.st.stm32cube.ide.mcu.externaltools.gnu-tools-for-stm32.10.3-2021.10.macos64_1.0.200.202301161003/tools/bin/../lib/gcc/arm-none-eabi/10.3.1/../../../../arm-none-eabi/lib/thumb/v7e-m+fp/hard/libc_nano.a(lib_a-isattyr.o)
                0x000000000800a588                _isatty_r
 .text._malloc_usable_size_r
                0x000000000800a5a8       0x10 /Applications/STM32CubeIDE.app/Contents/Eclipse/plugins/com.st.stm32cube.ide.mcu.externaltools.gnu-tools-for-stm32.10.3-2021.10.macos64_1.0.200.202301161003/tools/bin/../lib/gcc/arm-none-eabi/10.3.1/../../../../arm-none-eabi/lib/thumb/v7e-m+fp/hard/libc_nano.a(lib_a-nano-msizer.o)
                0x000000000800a5a8                _malloc_usable_size_r
 *(.glue_7)
 .glue_7        0x000000000800a5b8        0x0 linker stubs
 *(.glue_7t)
 .glue_7t       0x000000000800a5b8        0x0 linker stubs
 *(.eh_frame)
 .eh_frame      0x000000000800a5b8        0x0 /Applications/STM32CubeIDE.app/Contents/Eclipse/plugins/com.st.stm32cube.ide.mcu.externaltools.gnu-tools-for-stm32.10.3-2021.10.macos64_1.0.200.202301161003/tools/bin/../lib/gcc/arm-none-eabi/10.3.1/thumb/v7e-m+fp/hard/crtbegin.o
 *(.init)
 .init          0x000000000800a5b8        0x4 /Applications/STM32CubeIDE.app/Contents/Eclipse/plugins/com.st.stm32cube.ide.mcu.externaltools.gnu-tools-for-stm32.10.3-2021.10.macos64_1.0.200.202301161003/tools/bin/../lib/gcc/arm-none-eabi/10.3.1/thumb/v7e-m+fp/hard/crti.o
                0x000000000800a5b8                _init
 .init          0x000000000800a5bc        0x8 /Applications/STM32CubeIDE.app/Contents/Eclipse/plugins/com.st.stm32cube.ide.mcu.externaltools.gnu-tools-for-stm32.10.3-2021.10.macos64_1.0.200.202301161003/tools/bin/../lib/gcc/arm-none-eabi/10.3.1/thumb/v7e-m+fp/hard/crtn.o
 *(.fini)
 .fini          0x000000000800a5c4        0x4 /Applications/STM32CubeIDE.app/Contents/Eclipse/plugins/com.st.stm32cube.ide.mcu.externaltools.gnu-tools-for-stm32.10.3-2021.10.macos64_1.0.200.202301161003/tools/bin/../lib/gcc/arm-none-eabi/10.3.1/thumb/v7e-m+fp/hard/crti.o
                0x000000000800a5c4                _fini
 .fini          0x000000000800a5c8        0x8 /Applications/STM32CubeIDE.app/Contents/Eclipse/plugins/com.st.stm32cube.ide.mcu.externaltools.gnu-tools-for-stm32.10.3-2021.10.macos64_1.0.200.202301161003/tools/bin/../lib/gcc/arm-none-eabi/10.3.1/thumb/v7e-m+fp/hard/crtn.o
                0x000000000800a5d0                . = ALIGN (0x4)
                0x000000000800a5d0                _etext = .

.vfp11_veneer   0x000000000800a5d0        0x0
 .vfp11_veneer  0x000000000800a5d0        0x0 linker stubs

.v4_bx          0x000000000800a5d0        0x0
 .v4_bx         0x000000000800a5d0        0x0 linker stubs

.iplt           0x000000000800a5d0        0x0
 .iplt          0x000000000800a5d0        0x0 /Applications/STM32CubeIDE.app/Contents/Eclipse/plugins/com.st.stm32cube.ide.mcu.externaltools.gnu-tools-for-stm32.10.3-2021.10.macos64_1.0.200.202301161003/tools/bin/../lib/gcc/arm-none-eabi/10.3.1/thumb/v7e-m+fp/hard/crtbegin.o

.rodata         0x000000000800a5d0      0x320
                0x000000000800a5d0                . = ALIGN (0x4)
 *(.rodata)
 .rodata        0x000000000800a5d0      0x181 ./Core/Src/main.o
 *fill*         0x000000000800a751        0x3 
 .rodata        0x000000000800a754        0x5 ./Middlewares/Third_Party/FreeRTOS/Source/tasks.o
 *fill*         0x000000000800a759        0x3 
 .rodata        0x000000000800a75c        0xd ./Middlewares/Third_Party/FreeRTOS/Source/timers.o
 *(.rodata*)
 *fill*         0x000000000800a769        0x3 
 .rodata.LedTask_attributes
                0x000000000800a76c       0x24 ./Core/Src/main.o
                0x000000000800a76c                LedTask_attributes
 .rodata.EncoderTask_attributes
                0x000000000800a790       0x24 ./Core/Src/main.o
                0x000000000800a790                EncoderTask_attributes
 .rodata.defaultTask_attributes
                0x000000000800a7b4       0x24 ./Core/Src/main.o
                0x000000000800a7b4                defaultTask_attributes
 .rodata.RotaryEncoderQueue_attributes
                0x000000000800a7d8       0x18 ./Core/Src/main.o
                0x000000000800a7d8                RotaryEncoderQueue_attributes
 .rodata.uartSema_attributes
                0x000000000800a7f0       0x10 ./Core/Src/main.o
                0x000000000800a7f0                uartSema_attributes
 .rodata.counterSema2_attributes
                0x000000000800a800       0x10 ./Core/Src/main.o
                0x000000000800a800                counterSema2_attributes
 .rodata.AHBPrescTable
                0x000000000800a810       0x10 ./Core/Src/system_stm32l4xx.o
                0x000000000800a810                AHBPrescTable
 .rodata.APBPrescTable
                0x000000000800a820        0x8 ./Core/Src/system_stm32l4xx.o
                0x000000000800a820                APBPrescTable
 .rodata.MSIRangeTable
                0x000000000800a828       0x30 ./Core/Src/system_stm32l4xx.o
                0x000000000800a828                MSIRangeTable
 .rodata.__sf_fake_stderr
                0x000000000800a858       0x20 /Applications/STM32CubeIDE.app/Contents/Eclipse/plugins/com.st.stm32cube.ide.mcu.externaltools.gnu-tools-for-stm32.10.3-2021.10.macos64_1.0.200.202301161003/tools/bin/../lib/gcc/arm-none-eabi/10.3.1/../../../../arm-none-eabi/lib/thumb/v7e-m+fp/hard/libc_nano.a(lib_a-findfp.o)
                0x000000000800a858                __sf_fake_stderr
 .rodata.__sf_fake_stdin
                0x000000000800a878       0x20 /Applications/STM32CubeIDE.app/Contents/Eclipse/plugins/com.st.stm32cube.ide.mcu.externaltools.gnu-tools-for-stm32.10.3-2021.10.macos64_1.0.200.202301161003/tools/bin/../lib/gcc/arm-none-eabi/10.3.1/../../../../arm-none-eabi/lib/thumb/v7e-m+fp/hard/libc_nano.a(lib_a-findfp.o)
                0x000000000800a878                __sf_fake_stdin
 .rodata.__sf_fake_stdout
                0x000000000800a898       0x20 /Applications/STM32CubeIDE.app/Contents/Eclipse/plugins/com.st.stm32cube.ide.mcu.externaltools.gnu-tools-for-stm32.10.3-2021.10.macos64_1.0.200.202301161003/tools/bin/../lib/gcc/arm-none-eabi/10.3.1/../../../../arm-none-eabi/lib/thumb/v7e-m+fp/hard/libc_nano.a(lib_a-findfp.o)
                0x000000000800a898                __sf_fake_stdout
 .rodata._global_impure_ptr
                0x000000000800a8b8        0x4 /Applications/STM32CubeIDE.app/Contents/Eclipse/plugins/com.st.stm32cube.ide.mcu.externaltools.gnu-tools-for-stm32.10.3-2021.10.macos64_1.0.200.202301161003/tools/bin/../lib/gcc/arm-none-eabi/10.3.1/../../../../arm-none-eabi/lib/thumb/v7e-m+fp/hard/libc_nano.a(lib_a-impure.o)
                0x000000000800a8b8                _global_impure_ptr
 .rodata._svfprintf_r.str1.1
                0x000000000800a8bc       0x11 /Applications/STM32CubeIDE.app/Contents/Eclipse/plugins/com.st.stm32cube.ide.mcu.externaltools.gnu-tools-for-stm32.10.3-2021.10.macos64_1.0.200.202301161003/tools/bin/../lib/gcc/arm-none-eabi/10.3.1/../../../../arm-none-eabi/lib/thumb/v7e-m+fp/hard/libc_nano.a(lib_a-nano-svfprintf.o)
 .rodata._vfprintf_r.str1.1
                0x000000000800a8cd       0x11 /Applications/STM32CubeIDE.app/Contents/Eclipse/plugins/com.st.stm32cube.ide.mcu.externaltools.gnu-tools-for-stm32.10.3-2021.10.macos64_1.0.200.202301161003/tools/bin/../lib/gcc/arm-none-eabi/10.3.1/../../../../arm-none-eabi/lib/thumb/v7e-m+fp/hard/libc_nano.a(lib_a-nano-vfprintf.o)
 .rodata._printf_i.str1.1
                0x000000000800a8cd       0x22 /Applications/STM32CubeIDE.app/Contents/Eclipse/plugins/com.st.stm32cube.ide.mcu.externaltools.gnu-tools-for-stm32.10.3-2021.10.macos64_1.0.200.202301161003/tools/bin/../lib/gcc/arm-none-eabi/10.3.1/../../../../arm-none-eabi/lib/thumb/v7e-m+fp/hard/libc_nano.a(lib_a-nano-vfprintf_i.o)
                0x000000000800a8f0                . = ALIGN (0x4)
 *fill*         0x000000000800a8ef        0x1 

.ARM.extab      0x000000000800a8f0        0x0
                0x000000000800a8f0                . = ALIGN (0x4)
 *(.ARM.extab* .gnu.linkonce.armextab.*)
                0x000000000800a8f0                . = ALIGN (0x4)

.ARM            0x000000000800a8f0        0x8
                0x000000000800a8f0                . = ALIGN (0x4)
                0x000000000800a8f0                __exidx_start = .
 *(.ARM.exidx*)
 .ARM.exidx     0x000000000800a8f0        0x8 /Applications/STM32CubeIDE.app/Contents/Eclipse/plugins/com.st.stm32cube.ide.mcu.externaltools.gnu-tools-for-stm32.10.3-2021.10.macos64_1.0.200.202301161003/tools/bin/../lib/gcc/arm-none-eabi/10.3.1/thumb/v7e-m+fp/hard/libgcc.a(_udivmoddi4.o)
                0x000000000800a8f8                __exidx_end = .
                0x000000000800a8f8                . = ALIGN (0x4)

.rel.dyn        0x000000000800a8f8        0x0
 .rel.iplt      0x000000000800a8f8        0x0 /Applications/STM32CubeIDE.app/Contents/Eclipse/plugins/com.st.stm32cube.ide.mcu.externaltools.gnu-tools-for-stm32.10.3-2021.10.macos64_1.0.200.202301161003/tools/bin/../lib/gcc/arm-none-eabi/10.3.1/thumb/v7e-m+fp/hard/crtbegin.o

.preinit_array  0x000000000800a8f8        0x0
                0x000000000800a8f8                . = ALIGN (0x4)
                0x000000000800a8f8                PROVIDE (__preinit_array_start = .)
 *(.preinit_array*)
                0x000000000800a8f8                PROVIDE (__preinit_array_end = .)
                0x000000000800a8f8                . = ALIGN (0x4)

.init_array     0x000000000800a8f8        0x4
                0x000000000800a8f8                . = ALIGN (0x4)
                0x000000000800a8f8                PROVIDE (__init_array_start = .)
 *(SORT_BY_NAME(.init_array.*))
 *(.init_array*)
 .init_array    0x000000000800a8f8        0x4 /Applications/STM32CubeIDE.app/Contents/Eclipse/plugins/com.st.stm32cube.ide.mcu.externaltools.gnu-tools-for-stm32.10.3-2021.10.macos64_1.0.200.202301161003/tools/bin/../lib/gcc/arm-none-eabi/10.3.1/thumb/v7e-m+fp/hard/crtbegin.o
                0x000000000800a8fc                PROVIDE (__init_array_end = .)
                0x000000000800a8fc                . = ALIGN (0x4)

.fini_array     0x000000000800a8fc        0x4
                0x000000000800a8fc                . = ALIGN (0x4)
                [!provide]                        PROVIDE (__fini_array_start = .)
 *(SORT_BY_NAME(.fini_array.*))
 *(.fini_array*)
 .fini_array    0x000000000800a8fc        0x4 /Applications/STM32CubeIDE.app/Contents/Eclipse/plugins/com.st.stm32cube.ide.mcu.externaltools.gnu-tools-for-stm32.10.3-2021.10.macos64_1.0.200.202301161003/tools/bin/../lib/gcc/arm-none-eabi/10.3.1/thumb/v7e-m+fp/hard/crtbegin.o
                [!provide]                        PROVIDE (__fini_array_end = .)
                0x000000000800a900                . = ALIGN (0x4)
                0x000000000800a900                _sidata = LOADADDR (.data)

.data           0x0000000020000000       0x7c load address 0x000000000800a900
                0x0000000020000000                . = ALIGN (0x4)
                0x0000000020000000                _sdata = .
 *(.data)
 *(.data*)
 .data.xUartHandlerTaskName
                0x0000000020000000        0x4 ./Core/Src/main.o
                0x0000000020000000                xUartHandlerTaskName
 .data.newLine  0x0000000020000004        0x4 ./Core/Src/main.o
                0x0000000020000004                newLine
 .data.SystemCoreClock
                0x0000000020000008        0x4 ./Core/Src/system_stm32l4xx.o
                0x0000000020000008                SystemCoreClock
 .data.uwTickPrio
                0x000000002000000c        0x4 ./Drivers/STM32L4xx_HAL_Driver/Src/stm32l4xx_hal.o
                0x000000002000000c                uwTickPrio
 .data.uwTickFreq
                0x0000000020000010        0x1 ./Drivers/STM32L4xx_HAL_Driver/Src/stm32l4xx_hal.o
                0x0000000020000010                uwTickFreq
 *fill*         0x0000000020000011        0x3 
 .data.uxCriticalNesting
                0x0000000020000014        0x4 ./Middlewares/Third_Party/FreeRTOS/Source/portable/GCC/ARM_CM4F/port.o
 .data._impure_ptr
                0x0000000020000018        0x4 /Applications/STM32CubeIDE.app/Contents/Eclipse/plugins/com.st.stm32cube.ide.mcu.externaltools.gnu-tools-for-stm32.10.3-2021.10.macos64_1.0.200.202301161003/tools/bin/../lib/gcc/arm-none-eabi/10.3.1/../../../../arm-none-eabi/lib/thumb/v7e-m+fp/hard/libc_nano.a(lib_a-impure.o)
                0x0000000020000018                _impure_ptr
 .data.impure_data
                0x000000002000001c       0x60 /Applications/STM32CubeIDE.app/Contents/Eclipse/plugins/com.st.stm32cube.ide.mcu.externaltools.gnu-tools-for-stm32.10.3-2021.10.macos64_1.0.200.202301161003/tools/bin/../lib/gcc/arm-none-eabi/10.3.1/../../../../arm-none-eabi/lib/thumb/v7e-m+fp/hard/libc_nano.a(lib_a-impure.o)
 *(.RamFunc)
 *(.RamFunc*)
                0x000000002000007c                . = ALIGN (0x4)
                0x000000002000007c                _edata = .

.igot.plt       0x000000002000007c        0x0 load address 0x000000000800a97c
 .igot.plt      0x000000002000007c        0x0 /Applications/STM32CubeIDE.app/Contents/Eclipse/plugins/com.st.stm32cube.ide.mcu.externaltools.gnu-tools-for-stm32.10.3-2021.10.macos64_1.0.200.202301161003/tools/bin/../lib/gcc/arm-none-eabi/10.3.1/thumb/v7e-m+fp/hard/crtbegin.o
                0x000000002000007c                . = ALIGN (0x4)

.bss            0x000000002000007c     0x42a4 load address 0x000000000800a97c
                0x000000002000007c                _sbss = .
                0x000000002000007c                __bss_start__ = _sbss
 *(.bss)
 .bss           0x000000002000007c       0x1c /Applications/STM32CubeIDE.app/Contents/Eclipse/plugins/com.st.stm32cube.ide.mcu.externaltools.gnu-tools-for-stm32.10.3-2021.10.macos64_1.0.200.202301161003/tools/bin/../lib/gcc/arm-none-eabi/10.3.1/thumb/v7e-m+fp/hard/crtbegin.o
 *(.bss*)
 .bss.huart1    0x0000000020000098       0x84 ./Core/Src/main.o
                0x0000000020000098                huart1
 .bss.huart2    0x000000002000011c       0x84 ./Core/Src/main.o
                0x000000002000011c                huart2
 .bss.hdma_usart1_rx
                0x00000000200001a0       0x48 ./Core/Src/main.o
                0x00000000200001a0                hdma_usart1_rx
 .bss.LedTaskHandle
                0x00000000200001e8        0x4 ./Core/Src/main.o
                0x00000000200001e8                LedTaskHandle
 .bss.LedTaskBuffer
                0x00000000200001ec      0x200 ./Core/Src/main.o
                0x00000000200001ec                LedTaskBuffer
 .bss.LedTaskControlBlock
                0x00000000200003ec       0xbc ./Core/Src/main.o
                0x00000000200003ec                LedTaskControlBlock
 .bss.EncoderTaskHandle
                0x00000000200004a8        0x4 ./Core/Src/main.o
                0x00000000200004a8                EncoderTaskHandle
 .bss.EncoderTaskBuffer
                0x00000000200004ac      0x200 ./Core/Src/main.o
                0x00000000200004ac                EncoderTaskBuffer
 .bss.EncoderTaskControlBlock
                0x00000000200006ac       0xbc ./Core/Src/main.o
                0x00000000200006ac                EncoderTaskControlBlock
 .bss.defaultTaskHandle
                0x0000000020000768        0x4 ./Core/Src/main.o
                0x0000000020000768                defaultTaskHandle
 .bss.RotaryEncoderQueueHandle
                0x000000002000076c        0x4 ./Core/Src/main.o
                0x000000002000076c                RotaryEncoderQueueHandle
 .bss.RotaryEncoderQueueBuffer
                0x0000000020000770       0x80 ./Core/Src/main.o
                0x0000000020000770                RotaryEncoderQueueBuffer
 .bss.RotaryEncoderQueueControlBlock
                0x00000000200007f0       0x50 ./Core/Src/main.o
                0x00000000200007f0                RotaryEncoderQueueControlBlock
 .bss.uartSemaHandle
                0x0000000020000840        0x4 ./Core/Src/main.o
                0x0000000020000840                uartSemaHandle
 .bss.uartSemaControlBlock
                0x0000000020000844       0x50 ./Core/Src/main.o
                0x0000000020000844                uartSemaControlBlock
 .bss.counterSema2Handle
                0x0000000020000894        0x4 ./Core/Src/main.o
                0x0000000020000894                counterSema2Handle
 .bss.counterSema2ControlBlock
                0x0000000020000898       0x50 ./Core/Src/main.o
                0x0000000020000898                counterSema2ControlBlock
 .bss.uart1Buffer
                0x00000000200008e8     0x1000 ./Core/Src/main.o
                0x00000000200008e8                uart1Buffer
 .bss.uart2Buffer
                0x00000000200018e8     0x1000 ./Core/Src/main.o
                0x00000000200018e8                uart2Buffer
 .bss.uart2BufferIndex
                0x00000000200028e8        0x2 ./Core/Src/main.o
                0x00000000200028e8                uart2BufferIndex
 .bss.uart2_rx_char
                0x00000000200028ea        0x1 ./Core/Src/main.o
                0x00000000200028ea                uart2_rx_char
 *fill*         0x00000000200028eb        0x1 
 .bss.xUartTaskHandle
                0x00000000200028ec        0x4 ./Core/Src/main.o
                0x00000000200028ec                xUartTaskHandle
 .bss.old_pos.0
                0x00000000200028f0        0x4 ./Core/Src/main.o
 .bss.htim6     0x00000000200028f4       0x4c ./Core/Src/stm32l4xx_hal_timebase_tim.o
                0x00000000200028f4                htim6
 .bss.__sbrk_heap_end
                0x0000000020002940        0x4 ./Core/Src/sysmem.o
 .bss.uwTick    0x0000000020002944        0x4 ./Drivers/STM32L4xx_HAL_Driver/Src/stm32l4xx_hal.o
                0x0000000020002944                uwTick
 .bss.KernelState
                0x0000000020002948        0x4 ./Middlewares/Third_Party/FreeRTOS/Source/CMSIS_RTOS_V2/cmsis_os2.o
 .bss.Idle_TCB.3
                0x000000002000294c       0xbc ./Middlewares/Third_Party/FreeRTOS/Source/CMSIS_RTOS_V2/cmsis_os2.o
 .bss.Idle_Stack.2
                0x0000000020002a08      0x200 ./Middlewares/Third_Party/FreeRTOS/Source/CMSIS_RTOS_V2/cmsis_os2.o
 .bss.Timer_TCB.1
                0x0000000020002c08       0xbc ./Middlewares/Third_Party/FreeRTOS/Source/CMSIS_RTOS_V2/cmsis_os2.o
 .bss.Timer_Stack.0
                0x0000000020002cc4      0x400 ./Middlewares/Third_Party/FreeRTOS/Source/CMSIS_RTOS_V2/cmsis_os2.o
 .bss.xQueueRegistry
                0x00000000200030c4       0x40 ./Middlewares/Third_Party/FreeRTOS/Source/queue.o
                0x00000000200030c4                xQueueRegistry
 .bss.pxCurrentTCB
                0x0000000020003104        0x4 ./Middlewares/Third_Party/FreeRTOS/Source/tasks.o
                0x0000000020003104                pxCurrentTCB
 .bss.pxReadyTasksLists
                0x0000000020003108      0x460 ./Middlewares/Third_Party/FreeRTOS/Source/tasks.o
 .bss.xDelayedTaskList1
                0x0000000020003568       0x14 ./Middlewares/Third_Party/FreeRTOS/Source/tasks.o
 .bss.xDelayedTaskList2
                0x000000002000357c       0x14 ./Middlewares/Third_Party/FreeRTOS/Source/tasks.o
 .bss.pxDelayedTaskList
                0x0000000020003590        0x4 ./Middlewares/Third_Party/FreeRTOS/Source/tasks.o
 .bss.pxOverflowDelayedTaskList
                0x0000000020003594        0x4 ./Middlewares/Third_Party/FreeRTOS/Source/tasks.o
 .bss.xPendingReadyList
                0x0000000020003598       0x14 ./Middlewares/Third_Party/FreeRTOS/Source/tasks.o
 .bss.xTasksWaitingTermination
                0x00000000200035ac       0x14 ./Middlewares/Third_Party/FreeRTOS/Source/tasks.o
 .bss.uxDeletedTasksWaitingCleanUp
                0x00000000200035c0        0x4 ./Middlewares/Third_Party/FreeRTOS/Source/tasks.o
 .bss.xSuspendedTaskList
                0x00000000200035c4       0x14 ./Middlewares/Third_Party/FreeRTOS/Source/tasks.o
 .bss.uxCurrentNumberOfTasks
                0x00000000200035d8        0x4 ./Middlewares/Third_Party/FreeRTOS/Source/tasks.o
 .bss.xTickCount
                0x00000000200035dc        0x4 ./Middlewares/Third_Party/FreeRTOS/Source/tasks.o
 .bss.uxTopReadyPriority
                0x00000000200035e0        0x4 ./Middlewares/Third_Party/FreeRTOS/Source/tasks.o
 .bss.xSchedulerRunning
                0x00000000200035e4        0x4 ./Middlewares/Third_Party/FreeRTOS/Source/tasks.o
 .bss.xPendedTicks
                0x00000000200035e8        0x4 ./Middlewares/Third_Party/FreeRTOS/Source/tasks.o
 .bss.xYieldPending
                0x00000000200035ec        0x4 ./Middlewares/Third_Party/FreeRTOS/Source/tasks.o
 .bss.xNumOfOverflows
                0x00000000200035f0        0x4 ./Middlewares/Third_Party/FreeRTOS/Source/tasks.o
 .bss.uxTaskNumber
                0x00000000200035f4        0x4 ./Middlewares/Third_Party/FreeRTOS/Source/tasks.o
 .bss.xNextTaskUnblockTime
                0x00000000200035f8        0x4 ./Middlewares/Third_Party/FreeRTOS/Source/tasks.o
 .bss.xIdleTaskHandle
                0x00000000200035fc        0x4 ./Middlewares/Third_Party/FreeRTOS/Source/tasks.o
 .bss.uxSchedulerSuspended
                0x0000000020003600        0x4 ./Middlewares/Third_Party/FreeRTOS/Source/tasks.o
 .bss.xActiveTimerList1
                0x0000000020003604       0x14 ./Middlewares/Third_Party/FreeRTOS/Source/timers.o
 .bss.xActiveTimerList2
                0x0000000020003618       0x14 ./Middlewares/Third_Party/FreeRTOS/Source/timers.o
 .bss.pxCurrentTimerList
                0x000000002000362c        0x4 ./Middlewares/Third_Party/FreeRTOS/Source/timers.o
 .bss.pxOverflowTimerList
                0x0000000020003630        0x4 ./Middlewares/Third_Party/FreeRTOS/Source/timers.o
 .bss.xTimerQueue
                0x0000000020003634        0x4 ./Middlewares/Third_Party/FreeRTOS/Source/timers.o
 .bss.xTimerTaskHandle
                0x0000000020003638        0x4 ./Middlewares/Third_Party/FreeRTOS/Source/timers.o