../Drivers/STM32L4xx_HAL_Driver/Inc/stm32l4xx_ll_usart.h:3640:22:LL_USART_EnableIT_IDLE	40	static,ignoring_inline_asm
../Core/Src/main.c:149:6:setleds	24	static
../Core/Src/main.c:182:5:main	8	static
../Core/Src/main.c:276:6:SystemClock_Config	96	static
../Core/Src/main.c:337:13:MX_USART1_UART_Init	8	static
../Core/Src/main.c:372:13:MX_USART2_UART_Init	8	static
../Core/Src/main.c:405:13:MX_DMA_Init	16	static
../Core/Src/main.c:423:13:MX_GPIO_Init	40	static
../Core/Src/main.c:464:6:SendATCommand	24	static
../Core/Src/main.c:475:6:StartTcpServer	16	static
../Core/Src/main.c:513:6:UartHandlerTask	32	static
../Core/Src/main.c:598:6:HAL_UART_RxCpltCallback	32	static,ignoring_inline_asm
../Core/Src/main.c:618:6:StartLedTask	32	static
../Core/Src/main.c:660:6:StartEncoderTask	64	static
../Core/Src/main.c:737:6:StartDefaultTask	32	static
../Core/Src/main.c:777:6:HAL_TIM_PeriodElapsedCallback	16	static
../Core/Src/main.c:794:6:Error_Handler	4	static,ignoring_inline_asm
