../Drivers/STM32L4xx_HAL_Driver/Inc/stm32l4xx_ll_usart.h:3640:22:LL_USART_EnableIT_IDLE	40	static,ignoring_inline_asm
../Core/Src/main.c:148:6:setleds	24	static
../Core/Src/main.c:181:5:main	8	static
../Core/Src/main.c:270:6:SystemClock_Config	96	static
../Core/Src/main.c:331:13:MX_USART1_UART_Init	8	static
../Core/Src/main.c:366:13:MX_USART2_UART_Init	8	static
../Core/Src/main.c:399:13:MX_DMA_Init	16	static
../Core/Src/main.c:417:13:MX_GPIO_Init	40	static
../Core/Src/main.c:458:6:UartHandlerTask	32	static
../Core/Src/main.c:530:6:StartLedTask	32	static
../Core/Src/main.c:572:6:StartEncoderTask	64	static
../Core/Src/main.c:646:6:StartDefaultTask	32	static
../Core/Src/main.c:676:6:HAL_TIM_PeriodElapsedCallback	16	static
../Core/Src/main.c:693:6:Error_Handler	4	static,ignoring_inline_asm
