../Drivers/STM32L4xx_HAL_Driver/Inc/stm32l4xx_ll_usart.h:3113:26:LL_USART_IsActiveFlag_IDLE	16	static
../Drivers/STM32L4xx_HAL_Driver/Inc/stm32l4xx_ll_usart.h:3492:22:LL_USART_ClearFlag_IDLE	16	static
../Drivers/STM32L4xx_HAL_Driver/Inc/stm32l4xx_ll_usart.h:4150:26:LL_USART_IsEnabledIT_IDLE	16	static
../Core/Src/stm32l4xx_it.c:76:6:NMI_Handler	4	static
../Core/Src/stm32l4xx_it.c:91:6:HardFault_Handler	4	static
../Core/Src/stm32l4xx_it.c:106:6:MemManage_Handler	4	static
../Core/Src/stm32l4xx_it.c:121:6:BusFault_Handler	4	static
../Core/Src/stm32l4xx_it.c:136:6:UsageFault_Handler	4	static
../Core/Src/stm32l4xx_it.c:151:6:DebugMon_Handler	4	static
../Core/Src/stm32l4xx_it.c:171:6:DMA1_Channel5_IRQHandler	8	static
../Core/Src/stm32l4xx_it.c:185:6:USART1_IRQHandler	24	static,ignoring_inline_asm
../Core/Src/stm32l4xx_it.c:208:6:TIM6_DAC_IRQHandler	8	static
